Microchip MPLAB XC8 Compiler V2.31

Linker command line:

-W-3 --edf=C:\Program Files\Microchip\xc8\v2.31\pic\dat\en_msgs.txt -cn \
  -h+dist/default/production\masteri2c.X.production.sym \
  --cmf=dist/default/production\masteri2c.X.production.cmf -z -Q16F887 \
  -oC:\Users\edgar\AppData\Local\Temp\s11t8.3 --defsym=__MPLAB_BUILD=1 \
  -Mdist/default/production/masteri2c.X.production.map -E1 \
  -ver=XC8 Compiler --acfsm=1493 -ASTACK=0110h-016Fh -pstack=STACK \
  -ACODE=00h-07FFhx4 -ASTRCODE=00h-01FFFh -ASTRING=00h-0FFhx32 \
  -ACONST=00h-0FFhx32 -AENTRY=00h-0FFhx32 -ACOMMON=070h-07Fh \
  -ABANK0=020h-06Fh -ABANK1=0A0h-0EFh -ABANK2=0110h-016Fh \
  -ABANK3=0190h-01EFh -ARAM=020h-06Fh,0A0h-0EFh,0110h-016Fh,0190h-01EFh \
  -AABS1=020h-07Fh,0A0h-0EFh,0110h-016Fh,0190h-01EFh -ASFR0=00h-01Fh \
  -ASFR1=080h-09Fh -ASFR2=0100h-010Fh -ASFR3=0180h-018Fh \
  -ACONFIG=02007h-02008h -DCONFIG=2 -AIDLOC=02000h-02003h -DIDLOC=2 \
  -AEEDATA=00h-0FFh/02100h -peeprom_data=EEDATA -DEEDATA=2 -DCODE=2 \
  -DSTRCODE=2 -DSTRING=2 -DCONST=2 -DENTRY=2 \
  -preset_vec=00h,intentry=04h,init,end_init -ppowerup=CODE -pcinit=CODE \
  -pfunctab=ENTRY -k C:\Users\edgar\AppData\Local\Temp\s11t8.o \
  dist/default/production\masteri2c.X.production.o 

Object code version is 3.11

Machine type is 16F887



                Name                               Link     Load   Length Selector   Space Scale
C:\Users\edgar\AppData\Local\Temp\s11t8.o
                end_init                              E        E        3        8       0
                reset_vec                             0        0        3        0       0
                config                             2007     2007        2        0       4
dist/default/production\masteri2c.X.production.o
                cinit                                11       11       1C        8       0
                intentry                              4        4        A        8       0
                config                             2007     2007        2        0       4
                text13                              3D3      3D3        E        8       0
                text12                              36A      36A       1A        8       0
                text11                              34D      34D       1D        8       0
                text10                              384      384       14        8       0
                text9                               2BF      2BF       35        8       0
                text8                               3C5      3C5        E        8       0
                text7                               276      276       49        8       0
                text6                               2F4      2F4       2F        8       0
                text5                               3B7      3B7        E        8       0
                text4                               1D7      1D7       9F        8       0
                text3                               398      398       11        8       0
                text2                               323      323       2A        8       0
                text1                               3A9      3A9        E        8       0
                maintext                             2D       2D      1AA        8       0
                cstackBANK0                          20       20       13       20       1
                cstackCOMMON                         70       70        5       70       1
                bssBANK0                             33       33        A       20       1
                dataCOMMON                           77       77        2       70       1
                bssCOMMON                            75       75        2       70       1
                idataCOMMON                         3E1      3E1        2        8       0

TOTAL           Name                               Link     Load   Length     Space
        CLASS   STACK          

        CLASS   CODE           
                end_init                              E        E        3         0
                cinit                                11       11       1C         0
                intentry                              4        4        A         0
                reset_vec                             0        0        3         0
                text13                              3D3      3D3        E         0
                text12                              36A      36A       1A         0
                text11                              34D      34D       1D         0
                text10                              384      384       14         0
                text9                               2BF      2BF       35         0
                text8                               3C5      3C5        E         0
                text7                               276      276       49         0
                text6                               2F4      2F4       2F         0
                text5                               3B7      3B7        E         0
                text4                               1D7      1D7       9F         0
                text3                               398      398       11         0
                text2                               323      323       2A         0
                text1                               3A9      3A9        E         0
                maintext                             2D       2D      1AA         0
                idataCOMMON                         3E1      3E1        2         0

        CLASS   STRCODE        

        CLASS   STRING         

        CLASS   CONST          

        CLASS   ENTRY          

        CLASS   COMMON         
                cstackCOMMON                         70       70        5         1
                dataCOMMON                           77       77        2         1
                bssCOMMON                            75       75        2         1

        CLASS   BANK0          
                cstackBANK0                          20       20       13         1
                bssBANK0                             33       33        A         1

        CLASS   BANK1          

        CLASS   BANK2          

        CLASS   BANK3          

        CLASS   RAM            

        CLASS   ABS1           
                abs_s1                               7E       7E        2         1

        CLASS   SFR0           

        CLASS   SFR1           

        CLASS   SFR2           

        CLASS   SFR3           

        CLASS   CONFIG         
                config                             2007     2007        2         4

        CLASS   IDLOC          

        CLASS   EEDATA         



SEGMENTS        Name                           Load    Length   Top    Selector   Space  Class     Delta

                reset_vec                      000000  000003  000003         0       0  CODE        2
                intentry                       000004  0003DF  0003E3         8       0  CODE        2
                cstackBANK0                    000020  00001D  00003D        20       1  BANK0       1
                cstackCOMMON                   000070  000009  000079        70       1  COMMON      1


UNUSED ADDRESS RANGES

        Name                Unused          Largest block    Delta
        BANK0            003D-006F             33           1
        BANK1            00A0-00EF             50           1
        BANK2            0110-016F             60           1
        BANK3            0190-01EF             60           1
        CODE             0003-0003              1           2
                         03E3-1FFF            800
        COMMON           0079-007D              5           1
        CONST            0003-0003              1           2
                         03E3-1FFF            100
        EEDATA           2100-21FF            100           2
        ENTRY            0003-0003              1           2
                         03E3-1FFF            100
        IDLOC            2000-2003              4           2
        RAM              003D-006F             33           1
                         00A0-00EF             50
                         0110-016F             60
                         0190-01EF             60
        SFR0             0000-001F             20           1
        SFR1             0080-009F             20           1
        SFR2             0100-010F             10           1
        SFR3             0180-018F             10           1
        STACK            0110-016F             60           1
        STRCODE          0003-0003              1           2
                         03E3-1FFF           1C1D
        STRING           0003-0003              1           2
                         03E3-1FFF            100

                                  Symbol Table

?_leerColor              cstackBANK0  0025
_ACKDT                   (abs)        048D
_ACKEN                   (abs)        048C
_ANSELH                  (abs)        0189
_BAUDCTL                 (abs)        0187
_GIE                     (abs)        005F
_INTCON                  (abs)        000B
_PEN                     (abs)        048A
_PIE1                    (abs)        008C
_PIR1                    (abs)        000C
_PIR1bits                (abs)        000C
_PORTB                   (abs)        0006
_PORTBbits               (abs)        0006
_PORTD                   (abs)        0008
_RB0                     (abs)        0030
_RCEN                    (abs)        048B
_RCIF                    (abs)        0065
_RCREG                   (abs)        001A
_RCSTA                   (abs)        0018
_RSEN                    (abs)        0489
_SEN                     (abs)        0488
_SPBRG                   (abs)        0099
_SPBRGH                  (abs)        009A
_SSPADD                  (abs)        0093
_SSPBUF                  (abs)        0013
_SSPCON                  (abs)        0014
_SSPCON2                 (abs)        0091
_SSPOV                   (abs)        00A6
_SSPSTAT                 (abs)        0094
_TRISB                   (abs)        0086
_TRISC                   (abs)        0087
_TRISD                   (abs)        0088
_TXREG                   (abs)        0019
_TXSTA                   (abs)        0098
_TXSTAbits               (abs)        0098
__Habs1                  abs1         0000
__Hbank0                 bank0        0000
__Hbank1                 bank1        0000
__Hbank2                 bank2        0000
__Hbank3                 bank3        0000
__HbssBANK0              bssBANK0     0000
__HbssCOMMON             bssCOMMON    0000
__Hcinit                 cinit        002D
__Hclrtext               clrtext      0000
__Hcode                  code         0000
__Hcommon                common       0000
__Hconfig                config       2009
__HcstackBANK0           cstackBANK0  0000
__HcstackCOMMON          cstackCOMMON 0000
__HdataCOMMON            dataCOMMON   0000
__Heeprom_data           eeprom_data  0000
__Hend_init              end_init     0011
__Hfunctab               functab      0000
__HidataCOMMON           idataCOMMON  0000
__Hinit                  init         000E
__Hintentry              intentry     000E
__Hmaintext              maintext     0000
__Hpowerup               powerup      0000
__Hram                   ram          0000
__Hreset_vec             reset_vec    0003
__Hsfr0                  sfr0         0000
__Hsfr1                  sfr1         0000
__Hsfr2                  sfr2         0000
__Hsfr3                  sfr3         0000
__Hspace_0               (abs)        03E3
__Hspace_1               (abs)        0079
__Hspace_2               (abs)        0000
__Hspace_3               (abs)        0000
__Hspace_4               (abs)        4010
__Hstack                 stack        0000
__Hstrings               strings      0000
__Htext                  text         0000
__Labs1                  abs1         0000
__Lbank0                 bank0        0000
__Lbank1                 bank1        0000
__Lbank2                 bank2        0000
__Lbank3                 bank3        0000
__LbssBANK0              bssBANK0     0000
__LbssCOMMON             bssCOMMON    0000
__Lcinit                 cinit        0011
__Lclrtext               clrtext      0000
__Lcode                  code         0000
__Lcommon                common       0000
__Lconfig                config       0000
__LcstackBANK0           cstackBANK0  0000
__LcstackCOMMON          cstackCOMMON 0000
__LdataCOMMON            dataCOMMON   0000
__Leeprom_data           eeprom_data  0000
__Lend_init              end_init     000E
__Lfunctab               functab      0000
__LidataCOMMON           idataCOMMON  0000
__Linit                  init         000E
__Lintentry              intentry     0004
__Lmaintext              maintext     0000
__Lpowerup               powerup      0000
__Lram                   ram          0000
__Lreset_vec             reset_vec    0000
__Lsfr0                  sfr0         0000
__Lsfr1                  sfr1         0000
__Lsfr2                  sfr2         0000
__Lsfr3                  sfr3         0000
__Lspace_0               (abs)        0000
__Lspace_1               (abs)        0000
__Lspace_2               (abs)        0000
__Lspace_3               (abs)        0000
__Lspace_4               (abs)        0000
__Lstack                 stack        0000
__Lstrings               strings      0000
__Ltext                  text         0000
__S0                     (abs)        03E3
__S1                     (abs)        0079
__S2                     (abs)        0000
__S3                     (abs)        0000
___int_sp                stack        0000
___latbits               (abs)        0002
___sp                    stack        0000
___stackhi               (abs)        0000
___stacklo               (abs)        0000
__end_of__initialization cinit        0029
__end_of_escribir8       text7        02BF
__end_of_i2c_detener     text11       036A
__end_of_i2c_escribir    text10       0398
__end_of_i2c_funcion     text9        02F4
__end_of_i2c_iniciar     text8        03D3
__end_of_i2c_leer        text6        0323
__end_of_i2c_reiniciar   text5        03C5
__end_of_isr             text12       0384
__end_of_leerColor       text4        0276
__end_of_main            maintext     01D7
__end_of_setup           text2        034D
__end_of_usart_R         text13       03E1
__end_of_usart_T         text1        03B7
__end_of_usart_conf      text3        03A9
__initialization         cinit        0011
__pbssBANK0              bssBANK0     0033
__pbssCOMMON             bssCOMMON    0075
__pcstackBANK0           cstackBANK0  0020
__pcstackCOMMON          cstackCOMMON 0070
__pdataCOMMON            dataCOMMON   0077
__pidataCOMMON           idataCOMMON  03E1
__pintentry              intentry     0004
__pmaintext              maintext     002D
__ptext1                 text1        03A9
__ptext10                text10       0384
__ptext11                text11       034D
__ptext12                text12       036A
__ptext13                text13       03D3
__ptext2                 text2        0323
__ptext3                 text3        0398
__ptext4                 text4        01D7
__ptext5                 text5        03B7
__ptext6                 text6        02F4
__ptext7                 text7        0276
__ptext8                 text8        03C5
__ptext9                 text9        02BF
__size_of_escribir8      (abs)        0000
__size_of_i2c_detener    (abs)        0000
__size_of_i2c_escribir   (abs)        0000
__size_of_i2c_funcion    (abs)        0000
__size_of_i2c_iniciar    (abs)        0000
__size_of_i2c_leer       (abs)        0000
__size_of_i2c_reiniciar  (abs)        0000
__size_of_isr            (abs)        0000
__size_of_leerColor      (abs)        0000
__size_of_main           (abs)        0000
__size_of_setup          (abs)        0000
__size_of_usart_R        (abs)        0000
__size_of_usart_T        (abs)        0000
__size_of_usart_conf     (abs)        0000
_cont                    bssBANK0     003C
_data                    bssBANK0     003B
_escribir8               text7        0276
_i2c_detener             text11       034D
_i2c_escribir            text10       0384
_i2c_funcion             text9        02BF
_i2c_iniciar             text8        03C5
_i2c_leer                text6        02F4
_i2c_reiniciar           text5        03B7
_isr                     text12       036A
_leerColor               text4        01D7
_main                    maintext     002D
_red                     bssBANK0     0039
_setup                   text2        0323
_usart_R                 text13       03D3
_usart_T                 text1        03A9
_usart_conf              text3        0398
_usart_recep             bssCOMMON    0076
btemp                    (abs)        007E
end_of_initialization    cinit        0029
escribir8@reg            cstackBANK0  0028
escribir8@val            cstackBANK0  0025
i2c_escribir@data        cstackBANK0  0020
i2c_funcion@addr         cstackBANK0  0023
i2c_funcion@data         cstackBANK0  0024
i2c_funcion@mode         cstackBANK0  0020
i2c_leer@lect            cstackBANK0  0021
interrupt_function       intentry     0004
intlevel0                functab      0000
intlevel1                functab      0000
intlevel2                functab      0000
intlevel3                functab      0000
intlevel4                functab      0000
intlevel5                functab      0000
leerColor@data           cstackBANK0  002D
leerColor@high           cstackBANK0  002F
leerColor@low            cstackBANK0  002C
leerColor@reg            cstackBANK0  0029
leerColor@temp           cstackBANK0  002A
reset_vec                reset_vec    0000
saved_w                  (abs)        007E
start                    init         000E
start_initialization     cinit        0011
usart_R@r_data           cstackCOMMON 0071
usart_T@t_data           cstackBANK0  0020
wtemp0                   (abs)        007E


FUNCTION INFORMATION:

 *************** function _main *****************
 Defined at:
		line 63 in file "masteri2c.c"
 Parameters:    Size  Location     Type
		None
 Auto vars:     Size  Location     Type
		None
 Return value:  Size  Location     Type
                  1    wreg      void 
 Registers used:
		wreg, status,2, status,0, pclath, cstack
 Tracked objects:
		On entry : 
		On exit  : 
		Unchanged: 
 Data sizes:     COMMON   BANK0   BANK1   BANK3   BANK2
      Params:         0       0       0       0       0
      Locals:         0       0       0       0       0
      Temps:          0       3       0       0       0
      Totals:         0       3       0       0       0
Total ram usage:        3 bytes
 Hardware stack levels required when called:    4
 This function calls:
		_escribir8
		_i2c_detener
		_i2c_escribir
		_i2c_funcion
		_i2c_iniciar
		_i2c_leer
		_i2c_reiniciar
		_leerColor
		_setup
		_usart_T
 This function is called by:
		Startup code after reset
 This function uses a non-reentrant model


 *************** function _usart_T *****************
 Defined at:
		line 50 in file "USART.c"
 Parameters:    Size  Location     Type
  t_data          1    wreg     unsigned char 
 Auto vars:     Size  Location     Type
  t_data          1    0[BANK0 ] unsigned char 
 Return value:  Size  Location     Type
                  1    wreg      void 
 Registers used:
		wreg
 Tracked objects:
		On entry : 
		On exit  : 
		Unchanged: 
 Data sizes:     COMMON   BANK0   BANK1   BANK3   BANK2
      Params:         0       0       0       0       0
      Locals:         0       1       0       0       0
      Temps:          0       0       0       0       0
      Totals:         0       1       0       0       0
Total ram usage:        1 bytes
 Hardware stack levels used:    1
 Hardware stack levels required when called:    2
 This function calls:
		Nothing
 This function is called by:
		_main
 This function uses a non-reentrant model


 *************** function _setup *****************
 Defined at:
		line 255 in file "masteri2c.c"
 Parameters:    Size  Location     Type
		None
 Auto vars:     Size  Location     Type
		None
 Return value:  Size  Location     Type
                  1    wreg      void 
 Registers used:
		wreg, status,2, status,0, pclath, cstack
 Tracked objects:
		On entry : 
		On exit  : 
		Unchanged: 
 Data sizes:     COMMON   BANK0   BANK1   BANK3   BANK2
      Params:         0       0       0       0       0
      Locals:         0       0       0       0       0
      Temps:          0       0       0       0       0
      Totals:         0       0       0       0       0
Total ram usage:        0 bytes
 Hardware stack levels used:    1
 Hardware stack levels required when called:    3
 This function calls:
		_usart_conf
 This function is called by:
		_main
 This function uses a non-reentrant model


 *************** function _usart_conf *****************
 Defined at:
		line 16 in file "USART.c"
 Parameters:    Size  Location     Type
		None
 Auto vars:     Size  Location     Type
		None
 Return value:  Size  Location     Type
                  1    wreg      void 
 Registers used:
		wreg, status,2
 Tracked objects:
		On entry : 
		On exit  : 
		Unchanged: 
 Data sizes:     COMMON   BANK0   BANK1   BANK3   BANK2
      Params:         0       0       0       0       0
      Locals:         0       0       0       0       0
      Temps:          0       0       0       0       0
      Totals:         0       0       0       0       0
Total ram usage:        0 bytes
 Hardware stack levels used:    1
 Hardware stack levels required when called:    2
 This function calls:
		Nothing
 This function is called by:
		_setup
 This function uses a non-reentrant model


 *************** function _leerColor *****************
 Defined at:
		line 55 in file "colors.c"
 Parameters:    Size  Location     Type
  reg             1    wreg     unsigned char 
 Auto vars:     Size  Location     Type
  reg             1    9[BANK0 ] unsigned char 
  data            2   13[BANK0 ] unsigned int 
  temp            2   10[BANK0 ] unsigned int 
  high            1   15[BANK0 ] unsigned char 
  low             1   12[BANK0 ] unsigned char 
 Return value:  Size  Location     Type
                  2    5[BANK0 ] unsigned int 
 Registers used:
		wreg, status,2, status,0, pclath, cstack
 Tracked objects:
		On entry : 
		On exit  : 
		Unchanged: 
 Data sizes:     COMMON   BANK0   BANK1   BANK3   BANK2
      Params:         0       2       0       0       0
      Locals:         0       7       0       0       0
      Temps:          0       2       0       0       0
      Totals:         0      11       0       0       0
Total ram usage:       11 bytes
 Hardware stack levels used:    1
 Hardware stack levels required when called:    3
 This function calls:
		_i2c_detener
		_i2c_escribir
		_i2c_funcion
		_i2c_iniciar
		_i2c_leer
		_i2c_reiniciar
 This function is called by:
		_main
 This function uses a non-reentrant model


 *************** function _i2c_reiniciar *****************
 Defined at:
		line 49 in file "pici2c.c"
 Parameters:    Size  Location     Type
		None
 Auto vars:     Size  Location     Type
		None
 Return value:  Size  Location     Type
                  1    wreg      void 
 Registers used:
		wreg, status,2
 Tracked objects:
		On entry : 
		On exit  : 
		Unchanged: 
 Data sizes:     COMMON   BANK0   BANK1   BANK3   BANK2
      Params:         0       0       0       0       0
      Locals:         0       0       0       0       0
      Temps:          0       0       0       0       0
      Totals:         0       0       0       0       0
Total ram usage:        0 bytes
 Hardware stack levels used:    1
 Hardware stack levels required when called:    2
 This function calls:
		Nothing
 This function is called by:
		_main
		_leerColor
		_leer8
 This function uses a non-reentrant model


 *************** function _i2c_leer *****************
 Defined at:
		line 54 in file "pici2c.c"
 Parameters:    Size  Location     Type
		None
 Auto vars:     Size  Location     Type
  lect            1    1[BANK0 ] unsigned char 
 Return value:  Size  Location     Type
                  1    wreg      unsigned char 
 Registers used:
		wreg, status,2
 Tracked objects:
		On entry : 
		On exit  : 
		Unchanged: 
 Data sizes:     COMMON   BANK0   BANK1   BANK3   BANK2
      Params:         0       0       0       0       0
      Locals:         0       1       0       0       0
      Temps:          0       1       0       0       0
      Totals:         0       2       0       0       0
Total ram usage:        2 bytes
 Hardware stack levels used:    1
 Hardware stack levels required when called:    2
 This function calls:
		Nothing
 This function is called by:
		_main
		_leerColor
		_leer8
 This function uses a non-reentrant model


 *************** function _escribir8 *****************
 Defined at:
		line 17 in file "colors.c"
 Parameters:    Size  Location     Type
  reg             1    wreg     unsigned char 
  val             1    5[BANK0 ] unsigned char 
 Auto vars:     Size  Location     Type
  reg             1    8[BANK0 ] unsigned char 
 Return value:  Size  Location     Type
                  1    wreg      void 
 Registers used:
		wreg, status,2, status,0, pclath, cstack
 Tracked objects:
		On entry : 
		On exit  : 
		Unchanged: 
 Data sizes:     COMMON   BANK0   BANK1   BANK3   BANK2
      Params:         0       1       0       0       0
      Locals:         0       1       0       0       0
      Temps:          0       2       0       0       0
      Totals:         0       4       0       0       0
Total ram usage:        4 bytes
 Hardware stack levels used:    1
 Hardware stack levels required when called:    3
 This function calls:
		_i2c_detener
		_i2c_escribir
		_i2c_funcion
		_i2c_iniciar
 This function is called by:
		_main
		_activarInterrupcion
		_iniciar
 This function uses a non-reentrant model


 *************** function _i2c_iniciar *****************
 Defined at:
		line 15 in file "pici2c.c"
 Parameters:    Size  Location     Type
		None
 Auto vars:     Size  Location     Type
		None
 Return value:  Size  Location     Type
                  1    wreg      void 
 Registers used:
		wreg, status,2
 Tracked objects:
		On entry : 
		On exit  : 
		Unchanged: 
 Data sizes:     COMMON   BANK0   BANK1   BANK3   BANK2
      Params:         0       0       0       0       0
      Locals:         0       0       0       0       0
      Temps:          0       0       0       0       0
      Totals:         0       0       0       0       0
Total ram usage:        0 bytes
 Hardware stack levels used:    1
 Hardware stack levels required when called:    2
 This function calls:
		Nothing
 This function is called by:
		_main
		_escribir8
		_leerColor
		_leer8
 This function uses a non-reentrant model


 *************** function _i2c_funcion *****************
 Defined at:
		line 21 in file "pici2c.c"
 Parameters:    Size  Location     Type
  addr            1    wreg     unsigned char 
  mode            1    0[BANK0 ] unsigned char 
 Auto vars:     Size  Location     Type
  addr            1    3[BANK0 ] unsigned char 
  data            1    4[BANK0 ] unsigned char 
 Return value:  Size  Location     Type
                  1    wreg      void 
 Registers used:
		wreg, status,2, status,0
 Tracked objects:
		On entry : 
		On exit  : 
		Unchanged: 
 Data sizes:     COMMON   BANK0   BANK1   BANK3   BANK2
      Params:         0       1       0       0       0
      Locals:         0       2       0       0       0
      Temps:          0       2       0       0       0
      Totals:         0       5       0       0       0
Total ram usage:        5 bytes
 Hardware stack levels used:    1
 Hardware stack levels required when called:    2
 This function calls:
		Nothing
 This function is called by:
		_main
		_escribir8
		_leerColor
		_leer8
 This function uses a non-reentrant model


 *************** function _i2c_escribir *****************
 Defined at:
		line 34 in file "pici2c.c"
 Parameters:    Size  Location     Type
  data            1    wreg     unsigned char 
 Auto vars:     Size  Location     Type
  data            1    0[BANK0 ] unsigned char 
 Return value:  Size  Location     Type
                  1    wreg      void 
 Registers used:
		wreg, status,2
 Tracked objects:
		On entry : 
		On exit  : 
		Unchanged: 
 Data sizes:     COMMON   BANK0   BANK1   BANK3   BANK2
      Params:         0       0       0       0       0
      Locals:         0       1       0       0       0
      Temps:          0       0       0       0       0
      Totals:         0       1       0       0       0
Total ram usage:        1 bytes
 Hardware stack levels used:    1
 Hardware stack levels required when called:    2
 This function calls:
		Nothing
 This function is called by:
		_main
		_escribir8
		_leerColor
		_leer8
 This function uses a non-reentrant model


 *************** function _i2c_detener *****************
 Defined at:
		line 40 in file "pici2c.c"
 Parameters:    Size  Location     Type
		None
 Auto vars:     Size  Location     Type
		None
 Return value:  Size  Location     Type
                  1    wreg      void 
 Registers used:
		wreg, status,2
 Tracked objects:
		On entry : 
		On exit  : 
		Unchanged: 
 Data sizes:     COMMON   BANK0   BANK1   BANK3   BANK2
      Params:         0       0       0       0       0
      Locals:         0       0       0       0       0
      Temps:          0       0       0       0       0
      Totals:         0       0       0       0       0
Total ram usage:        0 bytes
 Hardware stack levels used:    1
 Hardware stack levels required when called:    2
 This function calls:
		Nothing
 This function is called by:
		_main
		_escribir8
		_leerColor
		_leer8
 This function uses a non-reentrant model


 *************** function _isr *****************
 Defined at:
		line 289 in file "masteri2c.c"
 Parameters:    Size  Location     Type
		None
 Auto vars:     Size  Location     Type
		None
 Return value:  Size  Location     Type
                  1    wreg      void 
 Registers used:
		wreg, fsr0l, fsr0h, status,2, status,0, pclath, cstack
 Tracked objects:
		On entry : 
		On exit  : 
		Unchanged: 
 Data sizes:     COMMON   BANK0   BANK1   BANK3   BANK2
      Params:         0       0       0       0       0
      Locals:         0       0       0       0       0
      Temps:          3       0       0       0       0
      Totals:         3       0       0       0       0
Total ram usage:        3 bytes
 Hardware stack levels used:    1
 Hardware stack levels required when called:    1
 This function calls:
		_usart_R
 This function is called by:
		Interrupt level 1
 This function uses a non-reentrant model


 *************** function _usart_R *****************
 Defined at:
		line 68 in file "USART.c"
 Parameters:    Size  Location     Type
  r_data          1    wreg     PTR unsigned char 
		 -> usart_recep(1), 
 Auto vars:     Size  Location     Type
  r_data          1    1[COMMON] PTR unsigned char 
		 -> usart_recep(1), 
 Return value:  Size  Location     Type
                  1    wreg      void 
 Registers used:
		wreg, fsr0l, fsr0h
 Tracked objects:
		On entry : 
		On exit  : 
		Unchanged: 
 Data sizes:     COMMON   BANK0   BANK1   BANK3   BANK2
      Params:         0       0       0       0       0
      Locals:         1       0       0       0       0
      Temps:          1       0       0       0       0
      Totals:         2       0       0       0       0
Total ram usage:        2 bytes
 Hardware stack levels used:    1
 This function calls:
		Nothing
 This function is called by:
		_isr
 This function uses a non-reentrant model



MODULE INFORMATION

Module		Function		Class		Link	Load	Size
USART.c
		_usart_T       		CODE           	03A9	0000	14
		_usart_conf    		CODE           	0398	0000	17
		_usart_R       		CODE           	03D3	0000	14

USART.c estimated size: 45

masteri2c.c
		_main          		CODE           	002D	0000	426
		_isr           		CODE           	036A	0000	26
		_setup         		CODE           	0323	0000	42

masteri2c.c estimated size: 494

colors.c
		_leerColor     		CODE           	01D7	0000	159
		_escribir8     		CODE           	0276	0000	73

colors.c estimated size: 232

shared
		__initialization		CODE           	0011	0000	24

shared estimated size: 24

pici2c.c
		_i2c_funcion   		CODE           	02BF	0000	53
		_i2c_reiniciar 		CODE           	03B7	0000	14
		_i2c_detener   		CODE           	034D	0000	29
		_i2c_leer      		CODE           	02F4	0000	47
		_i2c_escribir  		CODE           	0384	0000	20
		_i2c_iniciar   		CODE           	03C5	0000	14

pici2c.c estimated size: 177

