Microchip MPLAB XC8 Compiler V2.31

Linker command line:

-W-3 --edf=C:\Program Files\Microchip\xc8\v2.31\pic\dat\en_msgs.txt -cn \
  -h+dist/default/production\Maestro.X.production.sym \
  --cmf=dist/default/production\Maestro.X.production.cmf -z -Q16F887 \
  -oC:\Users\edgar\AppData\Local\Temp\sf4o.2 --defsym=__MPLAB_BUILD=1 \
  -Mdist/default/production/Maestro.X.production.map -E1 -ver=XC8 Compiler \
  --acfsm=1493 -ASTACK=0110h-016Fh -pstack=STACK -ACODE=00h-07FFhx4 \
  -ASTRCODE=00h-01FFFh -ASTRING=00h-0FFhx32 -ACONST=00h-0FFhx32 \
  -AENTRY=00h-0FFhx32 -ACOMMON=070h-07Fh -ABANK0=020h-06Fh \
  -ABANK1=0A0h-0EFh -ABANK2=0110h-016Fh -ABANK3=0190h-01EFh \
  -ARAM=020h-06Fh,0A0h-0EFh,0110h-016Fh,0190h-01EFh \
  -AABS1=020h-07Fh,0A0h-0EFh,0110h-016Fh,0190h-01EFh -ASFR0=00h-01Fh \
  -ASFR1=080h-09Fh -ASFR2=0100h-010Fh -ASFR3=0180h-018Fh \
  -ACONFIG=02007h-02008h -DCONFIG=2 -AIDLOC=02000h-02003h -DIDLOC=2 \
  -AEEDATA=00h-0FFh/02100h -peeprom_data=EEDATA -DEEDATA=2 -DCODE=2 \
  -DSTRCODE=2 -DSTRING=2 -DCONST=2 -DENTRY=2 \
  -preset_vec=00h,intentry=04h,init,end_init -ppowerup=CODE -pcinit=CODE \
  -pfunctab=ENTRY -k C:\Users\edgar\AppData\Local\Temp\sf4o.o \
  dist/default/production\Maestro.X.production.o 

Object code version is 3.11

Machine type is 16F887



                Name                               Link     Load   Length Selector   Space Scale
C:\Users\edgar\AppData\Local\Temp\sf4o.o
                end_init                              C        C        3        8       0
                reset_vec                             0        0        3        0       0
                config                             2007     2007        2        0       4
dist/default/production\Maestro.X.production.o
                cinit                                 F        F       1A        8       0
                intentry                              4        4        8        8       0
                config                             2007     2007        2        0       4
                text23                              647      647       2D      9C6       0
                text22                              52D      52D       3E      9C6       0
                text21                              6EE      6EE       1A      9C6       0
                text20                              4E3      4E3       4A      9C6       0
                text19                              774      774        B      9C6       0
                text18                              768      768        C      9C6       0
                text17                              21A      21A      108        8       0
                text16                              419      419       69        8       0
                text15                              674      674       2B      9C6       0
                text14                              5E2      5E2       34      9C6       0
                text13                              6C8      6C8       26      9C6       0
                text12                              708      708       16      9C6       0
                text11                              69F      69F       29      9C6       0
                text10                              5A7      5A7       3B      9C6       0
                text9                               3A1      3A1       78        8       0
                text8                                29       29      1F1        8       0
                text7                               72F      72F        F      9C6       0
                text6                               71E      71E       11      9C6       0
                text5                               616      616       31      9C6       0
                text4                               75A      75A        E      9C6       0
                text3                               74C      74C        E      9C6       0
                text2                               73E      73E        E      9C6       0
                text1                               56B      56B       3C      9C6       0
                maintext                            322      322       7F        8       0
                cstackBANK0                          20       20       17       20       1
                cstackCOMMON                         70       70        8       70       1
                dataBANK0                            3E       3E        2       20       1
                bssBANK0                             37       37        7       20       1
                bssCOMMON                            78       78        3       70       1
                strings                             482      482       61      904       0
                idataBANK0                          77F      77F        2      9C6       0

TOTAL           Name                               Link     Load   Length     Space
        CLASS   STACK          

        CLASS   CODE           
                end_init                              C        C        3         0
                cinit                                 F        F       1A         0
                intentry                              4        4        8         0
                reset_vec                             0        0        3         0
                text23                              647      647       2D         0
                text22                              52D      52D       3E         0
                text21                              6EE      6EE       1A         0
                text20                              4E3      4E3       4A         0
                text19                              774      774        B         0
                text18                              768      768        C         0
                text17                              21A      21A      108         0
                text16                              419      419       69         0
                text15                              674      674       2B         0
                text14                              5E2      5E2       34         0
                text13                              6C8      6C8       26         0
                text12                              708      708       16         0
                text11                              69F      69F       29         0
                text10                              5A7      5A7       3B         0
                text9                               3A1      3A1       78         0
                text8                                29       29      1F1         0
                text7                               72F      72F        F         0
                text6                               71E      71E       11         0
                text5                               616      616       31         0
                text4                               75A      75A        E         0
                text3                               74C      74C        E         0
                text2                               73E      73E        E         0
                text1                               56B      56B       3C         0
                maintext                            322      322       7F         0
                idataBANK0                          77F      77F        2         0

        CLASS   STRCODE        

        CLASS   STRING         
                strings                             482      482       61         0

        CLASS   CONST          

        CLASS   ENTRY          

        CLASS   COMMON         
                cstackCOMMON                         70       70        8         1
                bssCOMMON                            78       78        3         1

        CLASS   BANK0          
                cstackBANK0                          20       20       17         1
                dataBANK0                            3E       3E        2         1
                bssBANK0                             37       37        7         1

        CLASS   BANK1          

        CLASS   BANK2          

        CLASS   BANK3          

        CLASS   RAM            

        CLASS   ABS1           
                abs_s1                               7E       7E        2         1

        CLASS   SFR0           

        CLASS   SFR1           

        CLASS   SFR2           

        CLASS   SFR3           

        CLASS   CONFIG         
                config                             2007     2007        2         4

        CLASS   IDLOC          

        CLASS   EEDATA         



SEGMENTS        Name                           Load    Length   Top    Selector   Space  Class     Delta

                reset_vec                      000000  000003  000003         0       0  CODE        2
                intentry                       000004  00047E  000482         8       0  CODE        2
                cstackBANK0                    000020  000020  000040        20       1  BANK0       1
                cstackCOMMON                   000070  00000B  00007B        70       1  COMMON      1
                strings                        000482  000061  0004E3       904       0  STRING      2
                text20                         0004E3  00029E  000781       9C6       0  CODE        2


UNUSED ADDRESS RANGES

        Name                Unused          Largest block    Delta
        BANK0            0040-006F             30           1
        BANK1            00A0-00EF             50           1
        BANK2            0110-016F             60           1
        BANK3            0190-01EF             60           1
        CODE             0003-0003              1           2
                         0781-1FFF            800
        COMMON           007B-007D              3           1
        CONST            0003-0003              1           2
                         0781-1FFF            100
        EEDATA           2100-21FF            100           2
        ENTRY            0003-0003              1           2
                         0781-1FFF            100
        IDLOC            2000-2003              4           2
        RAM              0040-006F             30           1
                         00A0-00EF             50
                         0110-016F             60
                         0190-01EF             60
        SFR0             0000-001F             20           1
        SFR1             0080-009F             20           1
        SFR2             0100-010F             10           1
        SFR3             0180-018F             10           1
        STACK            0110-016F             60           1
        STRCODE          0003-0003              1           2
                         0781-1FFF           187F
        STRING           0003-0003              1           2
                         0781-1FFF            100

                                  Symbol Table

?___awdiv                    cstackBANK0  0022
?___wmul                     cstackCOMMON 0073
Lcd_Cmd@a                    cstackCOMMON 0076
Lcd_Port@a                   cstackCOMMON 0073
Lcd_Set_Cursor@a             cstackBANK0  0021
Lcd_Set_Cursor@b             cstackCOMMON 0077
Lcd_Set_Cursor@temp          cstackBANK0  0022
Lcd_Write_Char@a             cstackCOMMON 0075
Lcd_Write_String@a           cstackBANK0  0022
Lcd_Write_String@i           cstackBANK0  0020
_ANSEL                       (abs)        0188
_ANSELH                      (abs)        0189
_BAUDCTL                     (abs)        0187
_GIE                         (abs)        005F
_INTCON                      (abs)        000B
_Lcd_Cmd                     text21       06EE
_Lcd_Init                    text20       04E3
_Lcd_Port                    text22       052D
_Lcd_Set_Cursor              text13       06C8
_Lcd_Write_Char              text12       0708
_Lcd_Write_String            text11       069F
_PIE1                        (abs)        008C
_PIR1bits                    (abs)        000C
_PORTA                       (abs)        0005
_PORTB                       (abs)        0006
_PORTBbits                   (abs)        0006
_PORTC                       (abs)        0007
_PORTD                       (abs)        0008
_RC0                         (abs)        0038
_RC1                         (abs)        0039
_RCREG                       (abs)        001A
_RCSTA                       (abs)        0018
_RD0                         (abs)        0040
_RD1                         (abs)        0041
_RD2                         (abs)        0042
_RD3                         (abs)        0043
_RD4                         (abs)        0044
_RD5                         (abs)        0045
_RD6                         (abs)        0046
_RD7                         (abs)        0047
_SPBRG                       (abs)        0099
_SPBRGH                      (abs)        009A
_SSPBUF                      (abs)        0013
_SSPCON                      (abs)        0014
_SSPCON2                     (abs)        0091
_SSPIF                       (abs)        0063
_SSPSTAT                     (abs)        0094
_TRISA                       (abs)        0085
_TRISB                       (abs)        0086
_TRISC                       (abs)        0087
_TRISD                       (abs)        0088
_TXREG                       (abs)        0019
_TXSTA                       (abs)        0098
_TXSTAbits                   (abs)        0098
__Habs1                      abs1         0000
__Hbank0                     bank0        0000
__Hbank1                     bank1        0000
__Hbank2                     bank2        0000
__Hbank3                     bank3        0000
__HbssBANK0                  bssBANK0     0000
__HbssCOMMON                 bssCOMMON    0000
__Hcinit                     cinit        0029
__Hclrtext                   clrtext      0000
__Hcode                      code         0000
__Hcommon                    common       0000
__Hconfig                    config       2009
__HcstackBANK0               cstackBANK0  0000
__HcstackCOMMON              cstackCOMMON 0000
__HdataBANK0                 dataBANK0    0000
__Heeprom_data               eeprom_data  0000
__Hend_init                  end_init     000F
__Hfunctab                   functab      0000
__HidataBANK0                idataBANK0   0000
__Hinit                      init         000C
__Hintentry                  intentry     000C
__Hmaintext                  maintext     0000
__Hpowerup                   powerup      0000
__Hram                       ram          0000
__Hreset_vec                 reset_vec    0003
__Hsfr0                      sfr0         0000
__Hsfr1                      sfr1         0000
__Hsfr2                      sfr2         0000
__Hsfr3                      sfr3         0000
__Hspace_0                   (abs)        0781
__Hspace_1                   (abs)        007B
__Hspace_2                   (abs)        0000
__Hspace_3                   (abs)        0000
__Hspace_4                   (abs)        4010
__Hstack                     stack        0000
__Hstrings                   strings      0000
__Htext                      text         0000
__Labs1                      abs1         0000
__Lbank0                     bank0        0000
__Lbank1                     bank1        0000
__Lbank2                     bank2        0000
__Lbank3                     bank3        0000
__LbssBANK0                  bssBANK0     0000
__LbssCOMMON                 bssCOMMON    0000
__Lcinit                     cinit        000F
__Lclrtext                   clrtext      0000
__Lcode                      code         0000
__Lcommon                    common       0000
__Lconfig                    config       0000
__LcstackBANK0               cstackBANK0  0000
__LcstackCOMMON              cstackCOMMON 0000
__LdataBANK0                 dataBANK0    0000
__Leeprom_data               eeprom_data  0000
__Lend_init                  end_init     000C
__Lfunctab                   functab      0000
__LidataBANK0                idataBANK0   0000
__Linit                      init         000C
__Lintentry                  intentry     0004
__Lmaintext                  maintext     0000
__Lpowerup                   powerup      0000
__Lram                       ram          0000
__Lreset_vec                 reset_vec    0000
__Lsfr0                      sfr0         0000
__Lsfr1                      sfr1         0000
__Lsfr2                      sfr2         0000
__Lsfr3                      sfr3         0000
__Lspace_0                   (abs)        0000
__Lspace_1                   (abs)        0000
__Lspace_2                   (abs)        0000
__Lspace_3                   (abs)        0000
__Lspace_4                   (abs)        0000
__Lstack                     stack        0000
__Lstrings                   strings      0000
__Ltext                      text         0000
__S0                         (abs)        0781
__S1                         (abs)        007B
__S2                         (abs)        0000
__S3                         (abs)        0000
___awdiv                     text16       0419
___awdiv@counter             cstackBANK0  0026
___awdiv@dividend            cstackBANK0  0024
___awdiv@divisor             cstackBANK0  0022
___awdiv@quotient            cstackBANK0  0028
___awdiv@sign                cstackBANK0  0027
___int_sp                    stack        0000
___latbits                   (abs)        0002
___sp                        stack        0000
___stackhi                   (abs)        0000
___stacklo                   (abs)        0000
___wmul                      text15       0674
___wmul@multiplicand         cstackCOMMON 0075
___wmul@multiplier           cstackCOMMON 0073
___wmul@product              cstackBANK0  0020
__end_of_Lcd_Cmd             text21       0708
__end_of_Lcd_Init            text20       052D
__end_of_Lcd_Port            text22       056B
__end_of_Lcd_Set_Cursor      text13       06EE
__end_of_Lcd_Write_Char      text12       071E
__end_of_Lcd_Write_String    text11       06C8
__end_of___awdiv             text16       0482
__end_of___wmul              text15       069F
__end_of__initialization     cinit        0025
__end_of__stringtab          strings      0488
__end_of_conts               text10       05E2
__end_of_encabezado_usart    text17       0322
__end_of_isr                 text23       0674
__end_of_main                maintext     03A1
__end_of_map_var             text14       0616
__end_of_mostrar_dato        text8        021A
__end_of_mostrar_titulo_lcd  text7        073E
__end_of_num_ascii           text9        0419
__end_of_setup               text5        0647
__end_of_spi_count           text4        0768
__end_of_spi_pot             text3        075A
__end_of_spi_temp            text2        074C
__end_of_usart_T_nl          text19       077F
__end_of_usart_T_virt        text18       0774
__end_of_usart_conf          text6        072F
__end_of_voltaje             text1        05A7
__initialization             cinit        000F
__pbssBANK0                  bssBANK0     0037
__pbssCOMMON                 bssCOMMON    0078
__pcstackBANK0               cstackBANK0  0020
__pcstackCOMMON              cstackCOMMON 0070
__pdataBANK0                 dataBANK0    003E
__pidataBANK0                idataBANK0   077F
__pintentry                  intentry     0004
__pmaintext                  maintext     0322
__pstrings                   strings      0482
__ptext1                     text1        056B
__ptext10                    text10       05A7
__ptext11                    text11       069F
__ptext12                    text12       0708
__ptext13                    text13       06C8
__ptext14                    text14       05E2
__ptext15                    text15       0674
__ptext16                    text16       0419
__ptext17                    text17       021A
__ptext18                    text18       0768
__ptext19                    text19       0774
__ptext2                     text2        073E
__ptext20                    text20       04E3
__ptext21                    text21       06EE
__ptext22                    text22       052D
__ptext23                    text23       0647
__ptext3                     text3        074C
__ptext4                     text4        075A
__ptext5                     text5        0616
__ptext6                     text6        071E
__ptext7                     text7        072F
__ptext8                     text8        0029
__ptext9                     text9        03A1
__size_of_Lcd_Cmd            (abs)        0000
__size_of_Lcd_Init           (abs)        0000
__size_of_Lcd_Port           (abs)        0000
__size_of_Lcd_Set_Cursor     (abs)        0000
__size_of_Lcd_Write_Char     (abs)        0000
__size_of_Lcd_Write_String   (abs)        0000
__size_of___awdiv            (abs)        0000
__size_of___wmul             (abs)        0000
__size_of_conts              (abs)        0000
__size_of_encabezado_usart   (abs)        0000
__size_of_isr                (abs)        0000
__size_of_main               (abs)        0000
__size_of_map_var            (abs)        0000
__size_of_mostrar_dato       (abs)        0000
__size_of_mostrar_titulo_lcd (abs)        0000
__size_of_num_ascii          (abs)        0000
__size_of_setup              (abs)        0000
__size_of_spi_count          (abs)        0000
__size_of_spi_pot            (abs)        0000
__size_of_spi_temp           (abs)        0000
__size_of_usart_T_nl         (abs)        0000
__size_of_usart_T_virt       (abs)        0000
__size_of_usart_conf         (abs)        0000
__size_of_voltaje            (abs)        0000
__stringbase                 strings      0487
__stringtab                  strings      0482
_aux                         bssBANK0     0037
_cont                        dataBANK0    003E
_cont_c                      bssBANK0     0039
_cont_d                      bssCOMMON    0079
_cont_u                      bssCOMMON    007A
_conts                       text10       05A7
_encabezado_usart            text17       021A
_isr                         text23       0647
_main                        maintext     0322
_map_var                     text14       05E2
_mostrar_dato                text8        0029
_mostrar_titulo_lcd          text7        072F
_num_ascii                   text9        03A1
_pot                         dataBANK0    003F
_pot_d1                      bssBANK0     003C
_pot_d2                      bssBANK0     003B
_pot_u                       bssBANK0     003D
_sdata                       bssCOMMON    0078
_setup                       text5        0616
_spi_count                   text4        075A
_spi_pot                     text3        074C
_spi_temp                    text2        073E
_temp                        bssBANK0     0038
_temp_m                      bssBANK0     003A
_usart_T_nl                  text19       0774
_usart_T_virt                text18       0768
_usart_conf                  text6        071E
_voltaje                     text1        056B
btemp                        (abs)        007E
conts@cent                   cstackCOMMON 0075
conts@data_in                cstackCOMMON 0077
conts@dec                    cstackCOMMON 0074
conts@uni                    cstackCOMMON 0073
end_of_initialization        cinit        0025
interrupt_function           intentry     0004
intlevel0                    functab      0000
intlevel1                    functab      0000
intlevel2                    functab      0000
intlevel3                    functab      0000
intlevel4                    functab      0000
intlevel5                    functab      0000
map_var@inMax                cstackBANK0  002C
map_var@inMin                cstackBANK0  002B
map_var@outMax               cstackBANK0  002E
map_var@outMin               cstackBANK0  002D
map_var@v_in                 cstackBANK0  0032
map_var@v_out                cstackBANK0  002A
num_ascii@code               cstackCOMMON 0073
num_ascii@value              cstackCOMMON 0076
reset_vec                    reset_vec    0000
saved_w                      (abs)        007E
start                        init         000C
start_initialization         cinit        000F
usart_T_virt@t_data          cstackCOMMON 0073
voltaje@data_in              cstackCOMMON 0077
voltaje@volt_d1              cstackCOMMON 0074
voltaje@volt_d2              cstackCOMMON 0075
voltaje@volt_u               cstackCOMMON 0073
wtemp0                       (abs)        007E


FUNCTION INFORMATION:

 *************** function _main *****************
 Defined at:
		line 74 in file "mainMaster.c"
 Parameters:    Size  Location     Type
		None
 Auto vars:     Size  Location     Type
		None
 Return value:  Size  Location     Type
                  1    wreg      void 
 Registers used:
		wreg, fsr0l, fsr0h, status,2, status,0, pclath, cstack
 Tracked objects:
		On entry : 
		On exit  : 
		Unchanged: 
 Data sizes:     COMMON   BANK0   BANK1   BANK3   BANK2
      Params:         0       0       0       0       0
      Locals:         0       0       0       0       0
      Temps:          0       4       0       0       0
      Totals:         0       4       0       0       0
Total ram usage:        4 bytes
 Hardware stack levels required when called:    5
 This function calls:
		_Lcd_Init
		_encabezado_usart
		_map_var
		_mostrar_dato
		_mostrar_titulo_lcd
		_setup
		_spi_count
		_spi_pot
		_spi_temp
		_usart_T_nl
		_voltaje
 This function is called by:
		Startup code after reset
 This function uses a non-reentrant model


 *************** function _voltaje *****************
 Defined at:
		line 291 in file "mainMaster.c"
 Parameters:    Size  Location     Type
  data_in         1    wreg     unsigned char 
  volt_u          1    3[COMMON] PTR unsigned char 
		 -> pot_u(1), 
  volt_d1         1    4[COMMON] PTR unsigned char 
		 -> pot_d1(1), 
  volt_d2         1    5[COMMON] PTR unsigned char 
		 -> pot_d2(1), 
 Auto vars:     Size  Location     Type
  data_in         1    7[COMMON] unsigned char 
 Return value:  Size  Location     Type
                  1    wreg      void 
 Registers used:
		wreg, fsr0l, fsr0h, status,2, status,0
 Tracked objects:
		On entry : 
		On exit  : 
		Unchanged: 
 Data sizes:     COMMON   BANK0   BANK1   BANK3   BANK2
      Params:         3       0       0       0       0
      Locals:         1       0       0       0       0
      Temps:          1       0       0       0       0
      Totals:         5       0       0       0       0
Total ram usage:        5 bytes
 Hardware stack levels used:    1
 Hardware stack levels required when called:    1
 This function calls:
		Nothing
 This function is called by:
		_main
 This function uses a non-reentrant model


 *************** function _spi_temp *****************
 Defined at:
		line 275 in file "mainMaster.c"
 Parameters:    Size  Location     Type
		None
 Auto vars:     Size  Location     Type
		None
 Return value:  Size  Location     Type
                  1    wreg      void 
 Registers used:
		wreg, status,2
 Tracked objects:
		On entry : 
		On exit  : 
		Unchanged: 
 Data sizes:     COMMON   BANK0   BANK1   BANK3   BANK2
      Params:         0       0       0       0       0
      Locals:         0       0       0       0       0
      Temps:          1       0       0       0       0
      Totals:         1       0       0       0       0
Total ram usage:        1 bytes
 Hardware stack levels used:    1
 Hardware stack levels required when called:    1
 This function calls:
		Nothing
 This function is called by:
		_main
 This function uses a non-reentrant model


 *************** function _spi_pot *****************
 Defined at:
		line 263 in file "mainMaster.c"
 Parameters:    Size  Location     Type
		None
 Auto vars:     Size  Location     Type
		None
 Return value:  Size  Location     Type
                  1    wreg      void 
 Registers used:
		wreg, status,2
 Tracked objects:
		On entry : 
		On exit  : 
		Unchanged: 
 Data sizes:     COMMON   BANK0   BANK1   BANK3   BANK2
      Params:         0       0       0       0       0
      Locals:         0       0       0       0       0
      Temps:          1       0       0       0       0
      Totals:         1       0       0       0       0
Total ram usage:        1 bytes
 Hardware stack levels used:    1
 Hardware stack levels required when called:    1
 This function calls:
		Nothing
 This function is called by:
		_main
 This function uses a non-reentrant model


 *************** function _spi_count *****************
 Defined at:
		line 269 in file "mainMaster.c"
 Parameters:    Size  Location     Type
		None
 Auto vars:     Size  Location     Type
		None
 Return value:  Size  Location     Type
                  1    wreg      void 
 Registers used:
		wreg, status,2
 Tracked objects:
		On entry : 
		On exit  : 
		Unchanged: 
 Data sizes:     COMMON   BANK0   BANK1   BANK3   BANK2
      Params:         0       0       0       0       0
      Locals:         0       0       0       0       0
      Temps:          1       0       0       0       0
      Totals:         1       0       0       0       0
Total ram usage:        1 bytes
 Hardware stack levels used:    1
 Hardware stack levels required when called:    1
 This function calls:
		Nothing
 This function is called by:
		_main
 This function uses a non-reentrant model


 *************** function _setup *****************
 Defined at:
		line 98 in file "mainMaster.c"
 Parameters:    Size  Location     Type
		None
 Auto vars:     Size  Location     Type
		None
 Return value:  Size  Location     Type
                  1    wreg      void 
 Registers used:
		wreg, status,2, status,0, pclath, cstack
 Tracked objects:
		On entry : 
		On exit  : 
		Unchanged: 
 Data sizes:     COMMON   BANK0   BANK1   BANK3   BANK2
      Params:         0       0       0       0       0
      Locals:         0       0       0       0       0
      Temps:          0       0       0       0       0
      Totals:         0       0       0       0       0
Total ram usage:        0 bytes
 Hardware stack levels used:    1
 Hardware stack levels required when called:    2
 This function calls:
		_usart_conf
 This function is called by:
		_main
 This function uses a non-reentrant model


 *************** function _usart_conf *****************
 Defined at:
		line 16 in file "USART.c"
 Parameters:    Size  Location     Type
		None
 Auto vars:     Size  Location     Type
		None
 Return value:  Size  Location     Type
                  1    wreg      void 
 Registers used:
		wreg, status,2
 Tracked objects:
		On entry : 
		On exit  : 
		Unchanged: 
 Data sizes:     COMMON   BANK0   BANK1   BANK3   BANK2
      Params:         0       0       0       0       0
      Locals:         0       0       0       0       0
      Temps:          0       0       0       0       0
      Totals:         0       0       0       0       0
Total ram usage:        0 bytes
 Hardware stack levels used:    1
 Hardware stack levels required when called:    1
 This function calls:
		Nothing
 This function is called by:
		_setup
 This function uses a non-reentrant model


 *************** function _mostrar_titulo_lcd *****************
 Defined at:
		line 136 in file "mainMaster.c"
 Parameters:    Size  Location     Type
		None
 Auto vars:     Size  Location     Type
		None
 Return value:  Size  Location     Type
                  1    wreg      void 
 Registers used:
		wreg, fsr0l, fsr0h, status,2, status,0, pclath, cstack
 Tracked objects:
		On entry : 
		On exit  : 
		Unchanged: 
 Data sizes:     COMMON   BANK0   BANK1   BANK3   BANK2
      Params:         0       0       0       0       0
      Locals:         0       0       0       0       0
      Temps:          0       0       0       0       0
      Totals:         0       0       0       0       0
Total ram usage:        0 bytes
 Hardware stack levels used:    1
 Hardware stack levels required when called:    4
 This function calls:
		_Lcd_Set_Cursor
		_Lcd_Write_String
 This function is called by:
		_main
 This function uses a non-reentrant model


 *************** function _mostrar_dato *****************
 Defined at:
		line 191 in file "mainMaster.c"
 Parameters:    Size  Location     Type
		None
 Auto vars:     Size  Location     Type
		None
 Return value:  Size  Location     Type
                  1    wreg      void 
 Registers used:
		wreg, fsr0l, fsr0h, status,2, status,0, pclath, cstack
 Tracked objects:
		On entry : 
		On exit  : 
		Unchanged: 
 Data sizes:     COMMON   BANK0   BANK1   BANK3   BANK2
      Params:         0       0       0       0       0
      Locals:         0       0       0       0       0
      Temps:          0       3       0       0       0
      Totals:         0       3       0       0       0
Total ram usage:        3 bytes
 Hardware stack levels used:    1
 Hardware stack levels required when called:    4
 This function calls:
		_Lcd_Set_Cursor
		_Lcd_Write_Char
		_Lcd_Write_String
		_conts
		_num_ascii
		_usart_T_virt
 This function is called by:
		_main
 This function uses a non-reentrant model


 *************** function _num_ascii *****************
 Defined at:
		line 74 in file "USART.c"
 Parameters:    Size  Location     Type
  value           1    wreg     unsigned char 
  code            1    3[COMMON] PTR unsigned char 
		 -> sdata(1), 
 Auto vars:     Size  Location     Type
  value           1    6[COMMON] unsigned char 
 Return value:  Size  Location     Type
                  1    wreg      void 
 Registers used:
		wreg, fsr0l, fsr0h, status,2, status,0
 Tracked objects:
		On entry : 
		On exit  : 
		Unchanged: 
 Data sizes:     COMMON   BANK0   BANK1   BANK3   BANK2
      Params:         1       0       0       0       0
      Locals:         1       0       0       0       0
      Temps:          2       0       0       0       0
      Totals:         4       0       0       0       0
Total ram usage:        4 bytes
 Hardware stack levels used:    1
 Hardware stack levels required when called:    1
 This function calls:
		Nothing
 This function is called by:
		_mostrar_dato
 This function uses a non-reentrant model


 *************** function _conts *****************
 Defined at:
		line 313 in file "mainMaster.c"
 Parameters:    Size  Location     Type
  data_in         1    wreg     unsigned char 
  uni             1    3[COMMON] PTR unsigned char 
		 -> cont_u(1), 
  dec             1    4[COMMON] PTR unsigned char 
		 -> cont_d(1), 
  cent            1    5[COMMON] PTR unsigned char 
		 -> cont_c(1), 
 Auto vars:     Size  Location     Type
  data_in         1    7[COMMON] unsigned char 
 Return value:  Size  Location     Type
                  1    wreg      void 
 Registers used:
		wreg, fsr0l, fsr0h, status,2, status,0
 Tracked objects:
		On entry : 
		On exit  : 
		Unchanged: 
 Data sizes:     COMMON   BANK0   BANK1   BANK3   BANK2
      Params:         3       0       0       0       0
      Locals:         1       0       0       0       0
      Temps:          1       0       0       0       0
      Totals:         5       0       0       0       0
Total ram usage:        5 bytes
 Hardware stack levels used:    1
 Hardware stack levels required when called:    1
 This function calls:
		Nothing
 This function is called by:
		_mostrar_dato
 This function uses a non-reentrant model


 *************** function _Lcd_Write_String *****************
 Defined at:
		line 132 in file "lcd.c"
 Parameters:    Size  Location     Type
  a               1    wreg     PTR unsigned char 
		 -> STR_8(20), STR_7(12), STR_6(13), STR_5(10), 
		 -> STR_4(16), STR_3(3), STR_2(3), STR_1(17), 
 Auto vars:     Size  Location     Type
  a               1    2[BANK0 ] PTR unsigned char 
		 -> STR_8(20), STR_7(12), STR_6(13), STR_5(10), 
		 -> STR_4(16), STR_3(3), STR_2(3), STR_1(17), 
  i               2    0[BANK0 ] int 
 Return value:  Size  Location     Type
                  1    wreg      void 
 Registers used:
		wreg, fsr0l, fsr0h, status,2, status,0, pclath, cstack
 Tracked objects:
		On entry : 
		On exit  : 
		Unchanged: 
 Data sizes:     COMMON   BANK0   BANK1   BANK3   BANK2
      Params:         0       0       0       0       0
      Locals:         0       3       0       0       0
      Temps:          0       0       0       0       0
      Totals:         0       3       0       0       0
Total ram usage:        3 bytes
 Hardware stack levels used:    1
 Hardware stack levels required when called:    3
 This function calls:
		_Lcd_Write_Char
 This function is called by:
		_mostrar_titulo_lcd
		_mostrar_dato
		_Lcd_Credits
 This function uses a non-reentrant model


 *************** function _Lcd_Write_Char *****************
 Defined at:
		line 111 in file "lcd.c"
 Parameters:    Size  Location     Type
  a               1    wreg     unsigned char 
 Auto vars:     Size  Location     Type
  a               1    5[COMMON] unsigned char 
 Return value:  Size  Location     Type
                  1    wreg      void 
 Registers used:
		wreg, status,2, status,0, pclath, cstack
 Tracked objects:
		On entry : 
		On exit  : 
		Unchanged: 
 Data sizes:     COMMON   BANK0   BANK1   BANK3   BANK2
      Params:         0       0       0       0       0
      Locals:         1       0       0       0       0
      Temps:          1       0       0       0       0
      Totals:         2       0       0       0       0
Total ram usage:        2 bytes
 Hardware stack levels used:    1
 Hardware stack levels required when called:    2
 This function calls:
		_Lcd_Port
 This function is called by:
		_mostrar_dato
		_Lcd_Write_String
		_Lcd_Credits
 This function uses a non-reentrant model


 *************** function _Lcd_Set_Cursor *****************
 Defined at:
		line 74 in file "lcd.c"
 Parameters:    Size  Location     Type
  a               1    wreg     unsigned char 
  b               1    7[COMMON] unsigned char 
 Auto vars:     Size  Location     Type
  a               1    1[BANK0 ] unsigned char 
  temp            1    2[BANK0 ] unsigned char 
  y               1    0        unsigned char 
  z               1    0        unsigned char 
 Return value:  Size  Location     Type
                  1    wreg      void 
 Registers used:
		wreg, status,2, status,0, pclath, cstack
 Tracked objects:
		On entry : 
		On exit  : 
		Unchanged: 
 Data sizes:     COMMON   BANK0   BANK1   BANK3   BANK2
      Params:         1       0       0       0       0
      Locals:         0       2       0       0       0
      Temps:          0       1       0       0       0
      Totals:         1       3       0       0       0
Total ram usage:        4 bytes
 Hardware stack levels used:    1
 Hardware stack levels required when called:    3
 This function calls:
		_Lcd_Cmd
 This function is called by:
		_mostrar_titulo_lcd
		_mostrar_dato
		_Lcd_Credits
 This function uses a non-reentrant model


 *************** function _map_var *****************
 Defined at:
		line 286 in file "mainMaster.c"
 Parameters:    Size  Location     Type
  v_in            1    wreg     unsigned char 
  v_out           1   10[BANK0 ] PTR unsigned char 
		 -> temp_m(1), 
  inMin           1   11[BANK0 ] unsigned char 
  inMax           1   12[BANK0 ] unsigned char 
  outMin          1   13[BANK0 ] unsigned char 
  outMax          1   14[BANK0 ] unsigned char 
 Auto vars:     Size  Location     Type
  v_in            1   18[BANK0 ] unsigned char 
 Return value:  Size  Location     Type
                  1    wreg      void 
 Registers used:
		wreg, fsr0l, fsr0h, status,2, status,0, pclath, cstack
 Tracked objects:
		On entry : 
		On exit  : 
		Unchanged: 
 Data sizes:     COMMON   BANK0   BANK1   BANK3   BANK2
      Params:         0       5       0       0       0
      Locals:         0       1       0       0       0
      Temps:          0       3       0       0       0
      Totals:         0       9       0       0       0
Total ram usage:        9 bytes
 Hardware stack levels used:    1
 Hardware stack levels required when called:    2
 This function calls:
		___awdiv
		___wmul
 This function is called by:
		_main
 This function uses a non-reentrant model


 *************** function ___wmul *****************
 Defined at:
		line 15 in file "C:\Program Files\Microchip\xc8\v2.31\pic\sources\c90\common\Umul16.c"
 Parameters:    Size  Location     Type
  multiplier      2    3[COMMON] unsigned int 
  multiplicand    2    5[COMMON] unsigned int 
 Auto vars:     Size  Location     Type
  product         2    0[BANK0 ] unsigned int 
 Return value:  Size  Location     Type
                  2    3[COMMON] unsigned int 
 Registers used:
		wreg, status,2, status,0
 Tracked objects:
		On entry : 
		On exit  : 
		Unchanged: 
 Data sizes:     COMMON   BANK0   BANK1   BANK3   BANK2
      Params:         4       0       0       0       0
      Locals:         0       2       0       0       0
      Temps:          0       0       0       0       0
      Totals:         4       2       0       0       0
Total ram usage:        6 bytes
 Hardware stack levels used:    1
 Hardware stack levels required when called:    1
 This function calls:
		Nothing
 This function is called by:
		_map_var
 This function uses a non-reentrant model


 *************** function ___awdiv *****************
 Defined at:
		line 5 in file "C:\Program Files\Microchip\xc8\v2.31\pic\sources\c90\common\awdiv.c"
 Parameters:    Size  Location     Type
  divisor         2    2[BANK0 ] int 
  dividend        2    4[BANK0 ] int 
 Auto vars:     Size  Location     Type
  quotient        2    8[BANK0 ] int 
  sign            1    7[BANK0 ] unsigned char 
  counter         1    6[BANK0 ] unsigned char 
 Return value:  Size  Location     Type
                  2    2[BANK0 ] int 
 Registers used:
		wreg, status,2, status,0
 Tracked objects:
		On entry : 
		On exit  : 
		Unchanged: 
 Data sizes:     COMMON   BANK0   BANK1   BANK3   BANK2
      Params:         0       4       0       0       0
      Locals:         0       4       0       0       0
      Temps:          1       0       0       0       0
      Totals:         1       8       0       0       0
Total ram usage:        9 bytes
 Hardware stack levels used:    1
 Hardware stack levels required when called:    1
 This function calls:
		Nothing
 This function is called by:
		_map_var
 This function uses a non-reentrant model


 *************** function _encabezado_usart *****************
 Defined at:
		line 142 in file "mainMaster.c"
 Parameters:    Size  Location     Type
		None
 Auto vars:     Size  Location     Type
		None
 Return value:  Size  Location     Type
                  1    wreg      void 
 Registers used:
		wreg, status,2, status,0, pclath, cstack
 Tracked objects:
		On entry : 
		On exit  : 
		Unchanged: 
 Data sizes:     COMMON   BANK0   BANK1   BANK3   BANK2
      Params:         0       0       0       0       0
      Locals:         0       0       0       0       0
      Temps:          2       0       0       0       0
      Totals:         2       0       0       0       0
Total ram usage:        2 bytes
 Hardware stack levels used:    1
 Hardware stack levels required when called:    2
 This function calls:
		_usart_T_nl
		_usart_T_virt
 This function is called by:
		_main
 This function uses a non-reentrant model


 *************** function _usart_T_virt *****************
 Defined at:
		line 50 in file "USART.c"
 Parameters:    Size  Location     Type
  t_data          1    wreg     unsigned char 
 Auto vars:     Size  Location     Type
  t_data          1    3[COMMON] unsigned char 
 Return value:  Size  Location     Type
                  1    wreg      void 
 Registers used:
		wreg
 Tracked objects:
		On entry : 
		On exit  : 
		Unchanged: 
 Data sizes:     COMMON   BANK0   BANK1   BANK3   BANK2
      Params:         0       0       0       0       0
      Locals:         1       0       0       0       0
      Temps:          0       0       0       0       0
      Totals:         1       0       0       0       0
Total ram usage:        1 bytes
 Hardware stack levels used:    1
 Hardware stack levels required when called:    1
 This function calls:
		Nothing
 This function is called by:
		_encabezado_usart
		_mostrar_dato
		_usart_T_string
 This function uses a non-reentrant model


 *************** function _usart_T_nl *****************
 Defined at:
		line 56 in file "USART.c"
 Parameters:    Size  Location     Type
		None
 Auto vars:     Size  Location     Type
		None
 Return value:  Size  Location     Type
                  1    wreg      void 
 Registers used:
		wreg
 Tracked objects:
		On entry : 
		On exit  : 
		Unchanged: 
 Data sizes:     COMMON   BANK0   BANK1   BANK3   BANK2
      Params:         0       0       0       0       0
      Locals:         0       0       0       0       0
      Temps:          0       0       0       0       0
      Totals:         0       0       0       0       0
Total ram usage:        0 bytes
 Hardware stack levels used:    1
 Hardware stack levels required when called:    1
 This function calls:
		Nothing
 This function is called by:
		_main
		_encabezado_usart
 This function uses a non-reentrant model


 *************** function _Lcd_Init *****************
 Defined at:
		line 97 in file "lcd.c"
 Parameters:    Size  Location     Type
		None
 Auto vars:     Size  Location     Type
		None
 Return value:  Size  Location     Type
                  1    wreg      void 
 Registers used:
		wreg, status,2, status,0, pclath, cstack
 Tracked objects:
		On entry : 
		On exit  : 
		Unchanged: 
 Data sizes:     COMMON   BANK0   BANK1   BANK3   BANK2
      Params:         0       0       0       0       0
      Locals:         0       0       0       0       0
      Temps:          0       2       0       0       0
      Totals:         0       2       0       0       0
Total ram usage:        2 bytes
 Hardware stack levels used:    1
 Hardware stack levels required when called:    3
 This function calls:
		_Lcd_Cmd
		_Lcd_Port
 This function is called by:
		_main
 This function uses a non-reentrant model


 *************** function _Lcd_Cmd *****************
 Defined at:
		line 62 in file "lcd.c"
 Parameters:    Size  Location     Type
  a               1    wreg     unsigned char 
 Auto vars:     Size  Location     Type
  a               1    6[COMMON] unsigned char 
 Return value:  Size  Location     Type
                  1    wreg      void 
 Registers used:
		wreg, status,2, status,0, pclath, cstack
 Tracked objects:
		On entry : 
		On exit  : 
		Unchanged: 
 Data sizes:     COMMON   BANK0   BANK1   BANK3   BANK2
      Params:         0       0       0       0       0
      Locals:         1       0       0       0       0
      Temps:          2       0       0       0       0
      Totals:         3       0       0       0       0
Total ram usage:        3 bytes
 Hardware stack levels used:    1
 Hardware stack levels required when called:    2
 This function calls:
		_Lcd_Port
 This function is called by:
		_Lcd_Set_Cursor
		_Lcd_Init
		_Lcd_Clear
		_Lcd_Shift_Right
		_Lcd_Shift_Left
 This function uses a non-reentrant model


 *************** function _Lcd_Port *****************
 Defined at:
		line 27 in file "lcd.c"
 Parameters:    Size  Location     Type
  a               1    wreg     unsigned char 
 Auto vars:     Size  Location     Type
  a               1    3[COMMON] unsigned char 
 Return value:  Size  Location     Type
                  1    wreg      void 
 Registers used:
		wreg
 Tracked objects:
		On entry : 
		On exit  : 
		Unchanged: 
 Data sizes:     COMMON   BANK0   BANK1   BANK3   BANK2
      Params:         0       0       0       0       0
      Locals:         1       0       0       0       0
      Temps:          0       0       0       0       0
      Totals:         1       0       0       0       0
Total ram usage:        1 bytes
 Hardware stack levels used:    1
 Hardware stack levels required when called:    1
 This function calls:
		Nothing
 This function is called by:
		_Lcd_Cmd
		_Lcd_Init
		_Lcd_Write_Char
 This function uses a non-reentrant model


 *************** function _isr *****************
 Defined at:
		line 337 in file "mainMaster.c"
 Parameters:    Size  Location     Type
		None
 Auto vars:     Size  Location     Type
		None
 Return value:  Size  Location     Type
                  1    wreg      void 
 Registers used:
		wreg
 Tracked objects:
		On entry : 
		On exit  : 
		Unchanged: 
 Data sizes:     COMMON   BANK0   BANK1   BANK3   BANK2
      Params:         0       0       0       0       0
      Locals:         0       0       0       0       0
      Temps:          3       0       0       0       0
      Totals:         3       0       0       0       0
Total ram usage:        3 bytes
 Hardware stack levels used:    1
 This function calls:
		Nothing
 This function is called by:
		Interrupt level 1
 This function uses a non-reentrant model



MODULE INFORMATION

Module		Function		Class		Link	Load	Size
USART.c
		_usart_T_nl    		CODE           	0774	0000	11
		_usart_T_virt  		CODE           	0768	0000	12
		_usart_conf    		CODE           	071E	0000	17
		_num_ascii     		CODE           	03A1	0000	120

USART.c estimated size: 160

C:\Program Files\Microchip\xc8\v2.31\pic\sources\c90\common\Umul16.c
		___wmul        		CODE           	0674	0000	43

C:\Program Files\Microchip\xc8\v2.31\pic\sources\c90\common\Umul16.c estimated size: 43

mainMaster.c
		_conts         		CODE           	05A7	0000	59
		_mostrar_dato  		CODE           	0029	0000	497
		_spi_temp      		CODE           	073E	0000	14
		_spi_count     		CODE           	075A	0000	14
		_mostrar_titulo_lcd		CODE           	072F	0000	15
		_main          		CODE           	0322	0000	127
		_map_var       		CODE           	05E2	0000	52
		_isr           		CODE           	0647	0000	45
		_spi_pot       		CODE           	074C	0000	14
		_setup         		CODE           	0616	0000	49
		_encabezado_usart		CODE           	021A	0000	264
		_voltaje       		CODE           	056B	0000	60

mainMaster.c estimated size: 1210

C:\Program Files\Microchip\xc8\v2.31\pic\sources\c90\common\awdiv.c
		___awdiv       		CODE           	0419	0000	105

C:\Program Files\Microchip\xc8\v2.31\pic\sources\c90\common\awdiv.c estimated size: 105

shared
		__stringtab    		STRING         	0482	0000	6
		__initialization		CODE           	000F	0000	22

shared estimated size: 28

lcd.c
		_Lcd_Write_String		CODE           	069F	0000	41
		_Lcd_Init      		CODE           	04E3	0000	74
		_Lcd_Write_Char		CODE           	0708	0000	22
		_Lcd_Cmd       		CODE           	06EE	0000	26
		_Lcd_Set_Cursor		CODE           	06C8	0000	38
		_Lcd_Port      		CODE           	052D	0000	62

lcd.c estimated size: 263

