******************************************************************************
                  TI ARM Linker PC v20.2.5                     
******************************************************************************
>> Linked Mon May 10 17:11:17 2021

OUTPUT FILE NAME:   <Exp2.out>
ENTRY POINT SYMBOL: "_c_int00_noargs"  address: 00000b1d


MEMORY CONFIGURATION

         name            origin    length      used     unused   attr    fill
----------------------  --------  ---------  --------  --------  ----  --------
  FLASH                 00000000   00040000  00000e28  0003f1d8  R  X
  SRAM                  20000000   00008000  0000020c  00007df4  RW X


SEGMENT ALLOCATION MAP

run origin  load origin   length   init length attrs members
----------  ----------- ---------- ----------- ----- -------
00000000    00000000    00000e2c   00000e2c    r-x
  00000000    00000000    0000026c   0000026c    r-- .intvecs
  0000026c    0000026c    00000a34   00000a34    r-x .text
  00000ca0    00000ca0    0000016c   0000016c    r-- .const
  00000e10    00000e10    0000001c   0000001c    r-- .cinit
20000000    20000000    0000020c   00000000    rw-
  20000000    20000000    00000200   00000000    rw- .stack
  20000200    20000200    0000000c   00000000    rw- .data


SECTION ALLOCATION MAP

 output                                  attributes/
section   page    origin      length       input sections
--------  ----  ----------  ----------   ----------------
.intvecs   0    00000000    0000026c     
                  00000000    0000026c     tm4c123gh6pm_startup_ccs.obj (.intvecs)

.text      0    0000026c    00000a34     
                  0000026c    0000026c     main_exp2.obj (.text)
                  000004d8    00000132     driverlib.lib : gpio.obj (.text:GPIOPadConfigSet)
                  0000060a    00000002     --HOLE-- [fill = 0]
                  0000060c    00000110                   : sysctl.obj (.text:SysCtlClockGet)
                  0000071c    000000f4                   : sysctl.obj (.text:SysCtlClockSet)
                  00000810    0000009c     rtsv7M4_T_le_v4SPD16_eabi.lib : memcpy_t2.asm.obj (.text)
                  000008ac    00000068     driverlib.lib : interrupt.obj (.text:IntEnable)
                  00000914    00000068     rtsv7M4_T_le_v4SPD16_eabi.lib : copy_decompress_lzss.c.obj (.text:decompress:lzss:__TI_decompress_lzss)
                  0000097c    00000060     driverlib.lib : timer.obj (.text:TimerConfigure)
                  000009dc    00000048                   : gpio.obj (.text:GPIOPinConfigure)
                  00000a24    00000046                   : uart.obj (.text:UARTConfigSetExpClk)
                  00000a6a    00000002     --HOLE-- [fill = 0]
                  00000a6c    00000044     rtsv7M4_T_le_v4SPD16_eabi.lib : autoinit.c.obj (.text:__TI_auto_init_nobinit_nopinit:__TI_auto_init_nobinit_nopinit)
                  00000ab0    00000038     driverlib.lib : sysctl.obj (.text:SysCtlPeripheralReady)
                  00000ae8    00000034                   : sysctl.obj (.text:SysCtlPeripheralEnable)
                  00000b1c    00000034     rtsv7M4_T_le_v4SPD16_eabi.lib : boot_cortex_m.c.obj (.text:_c_int00_noargs:_c_int00_noargs)
                  00000b50    0000002a     driverlib.lib : gpio.obj (.text:GPIODirModeSet)
                  00000b7a    00000002     --HOLE-- [fill = 0]
                  00000b7c    00000020                   : uart.obj (.text:UARTDisable)
                  00000b9c    00000018                   : gpio.obj (.text:GPIOPinTypeGPIOOutput)
                  00000bb4    00000014                   : uart.obj (.text:UARTEnable)
                  00000bc8    00000012                   : gpio.obj (.text:GPIOPinTypeUART)
                  00000bda    00000012                   : timer.obj (.text:TimerLoadSet)
                  00000bec    00000010                   : interrupt.obj (.text:IntMasterEnable)
                  00000bfc    0000000e                   : timer.obj (.text:TimerEnable)
                  00000c0a    0000000e                   : uart.obj (.text:UARTCharGetNonBlocking)
                  00000c18    0000000e                   : uart.obj (.text:UARTCharPutNonBlocking)
                  00000c26    0000000e                   : uart.obj (.text:UARTCharsAvail)
                  00000c34    0000000e     rtsv7M4_T_le_v4SPD16_eabi.lib : copy_decompress_none.c.obj (.text:decompress:none:__TI_decompress_none)
                  00000c42    0000000c     driverlib.lib : cpu.obj (.text:CPUcpsie)
                  00000c4e    0000000c     tm4c123gh6pm_startup_ccs.obj (.text)
                  00000c5a    0000000a     driverlib.lib : uart.obj (.text:UARTFIFOEnable)
                  00000c64    0000000a                   : uart.obj (.text:UARTIntStatus)
                  00000c6e    00000008                   : timer.obj (.text:TimerIntEnable)
                  00000c76    00000008                   : uart.obj (.text:UARTIntEnable)
                  00000c7e    00000006                   : gpio.obj (.text:GPIOPinWrite)
                  00000c84    00000006                   : sysctl.obj (.text:SysCtlDelay)
                  00000c8a    00000006                   : uart.obj (.text:UARTFIFOLevelSet)
                  00000c90    00000004                   : timer.obj (.text:TimerIntClear)
                  00000c94    00000004                   : uart.obj (.text:UARTIntClear)
                  00000c98    00000004     rtsv7M4_T_le_v4SPD16_eabi.lib : pre_init.c.obj (.text:_system_pre_init)
                  00000c9c    00000004                                   : exit.c.obj (.text:abort:abort)

.const     0    00000ca0    0000016c     
                  00000ca0    00000090     driverlib.lib : gpio.obj (.const:g_pui32GPIOBaseAddrs)
                  00000d30    00000070                   : interrupt.obj (.const)
                  00000da0    0000006c                   : sysctl.obj (.const:g_pui32Xtals)

.cinit     0    00000e10    0000001c     
                  00000e10    0000000c     (.cinit..data.load) [load image, compression = lzss]
                  00000e1c    00000008     (__TI_handler_table)
                  00000e24    00000008     (__TI_cinit_table)

.init_array 
*          0    00000000    00000000     UNINITIALIZED

.data      0    20000200    0000000c     UNINITIALIZED
                  20000200    0000000c     main_exp2.obj (.data)

.stack     0    20000000    00000200     UNINITIALIZED
                  20000000    00000004     rtsv7M4_T_le_v4SPD16_eabi.lib : boot_cortex_m.c.obj (.stack)
                  20000004    000001fc     --HOLE--

__llvm_prf_cnts 
*          0    20000000    00000000     UNINITIALIZED

MODULE SUMMARY

       Module                         code   ro data   rw data
       ------                         ----   -------   -------
    .\
       main_exp2.obj                  620    0         12     
       tm4c123gh6pm_startup_ccs.obj   12     620       0      
    +--+------------------------------+------+---------+---------+
       Total:                         632    620       12     
                                                              
    C:/ti/TivaWare_C_Series-2.1.4.178/driverlib/ccs/Debug/driverlib.lib
       sysctl.obj                     630    108       0      
       gpio.obj                       468    144       0      
       interrupt.obj                  120    112       0      
       uart.obj                       202    0         0      
       timer.obj                      140    0         0      
       cpu.obj                        12     0         0      
    +--+------------------------------+------+---------+---------+
       Total:                         1572   364       0      
                                                              
    C:\ti\ccs1031\ccs\tools\compiler\ti-cgt-arm_20.2.5.LTS\lib\rtsv7M4_T_le_v4SPD16_eabi.lib
       memcpy_t2.asm.obj              156    0         0      
       copy_decompress_lzss.c.obj     104    0         0      
       autoinit.c.obj                 68     0         0      
       boot_cortex_m.c.obj            52     0         0      
       copy_decompress_none.c.obj     14     0         0      
       exit.c.obj                     4      0         0      
       pre_init.c.obj                 4      0         0      
    +--+------------------------------+------+---------+---------+
       Total:                         402    0         0      
                                                              
       Stack:                         0      0         512    
       Linker Generated:              0      28        0      
    +--+------------------------------+------+---------+---------+
       Grand Total:                   2606   1012      524    


LINKER GENERATED COPY TABLES

__TI_cinit_table @ 00000e24 records: 1, size/record: 8, table size: 8
	.data: load addr=00000e10, load size=0000000c bytes, run addr=20000200, run size=0000000c bytes, compression=lzss


LINKER GENERATED HANDLER TABLE

__TI_handler_table @ 00000e1c records: 2, size/record: 4, table size: 8
	index: 0, handler: __TI_decompress_lzss
	index: 1, handler: __TI_decompress_none


GLOBAL SYMBOLS: SORTED ALPHABETICALLY BY Name 

address   name                          
-------   ----                          
00000c9d  C$$EXIT                       
00000c43  CPUcpsie                      
00000b51  GPIODirModeSet                
000004d9  GPIOPadConfigSet              
000009dd  GPIOPinConfigure              
00000b9d  GPIOPinTypeGPIOOutput         
00000bc9  GPIOPinTypeUART               
00000c7f  GPIOPinWrite                  
000008ad  IntEnable                     
00000bed  IntMasterEnable               
00000c4f  ResetISR                      
0000060d  SysCtlClockGet                
0000071d  SysCtlClockSet                
00000c85  SysCtlDelay                   
00000ae9  SysCtlPeripheralEnable        
00000ab1  SysCtlPeripheralReady         
0000041d  Timer0IntHandler              
0000097d  TimerConfigure                
00000bfd  TimerEnable                   
00000c91  TimerIntClear                 
00000c6f  TimerIntEnable                
00000bdb  TimerLoadSet                  
00000c0b  UARTCharGetNonBlocking        
00000c19  UARTCharPutNonBlocking        
00000c27  UARTCharsAvail                
00000a25  UARTConfigSetExpClk           
00000b7d  UARTDisable                   
00000bb5  UARTEnable                    
00000c5b  UARTFIFOEnable                
00000c8b  UARTFIFOLevelSet              
00000c95  UARTIntClear                  
00000c77  UARTIntEnable                 
00000455  UARTIntHandler                
00000c65  UARTIntStatus                 
20000200  __STACK_END                   
00000200  __STACK_SIZE                  
20000200  __STACK_TOP                   
00000e24  __TI_CINIT_Base               
00000e2c  __TI_CINIT_Limit              
00000e1c  __TI_Handler_Table_Base       
00000e24  __TI_Handler_Table_Limit      
00000a6d  __TI_auto_init_nobinit_nopinit
00000915  __TI_decompress_lzss          
00000c35  __TI_decompress_none          
ffffffff  __TI_pprof_out_hndl           
ffffffff  __TI_prof_data_size           
ffffffff  __TI_prof_data_start          
00000000  __TI_static_base__            
00000811  __aeabi_memcpy                
00000811  __aeabi_memcpy4               
00000811  __aeabi_memcpy8               
ffffffff  __binit__                     
ffffffff  __c_args__                    
UNDEFED   __mpu_init                    
20000000  __stack                       
20000000  __start___llvm_prf_cnts       
20000000  __stop___llvm_prf_cnts        
00000b1d  _c_int00_noargs               
UNDEFED   _system_post_cinit            
00000c99  _system_pre_init              
00000c9d  abort                         
ffffffff  binit                         
20000202  blue                          
20000208  dataIn                        
00000000  g_pfnVectors                  
20000201  green                         
0000026d  main                          
00000811  memcpy                        
20000204  pinInt                        
20000200  red                           
20000203  toggle                        


GLOBAL SYMBOLS: SORTED BY Symbol Address 

address   name                          
-------   ----                          
00000000  __TI_static_base__            
00000000  g_pfnVectors                  
00000200  __STACK_SIZE                  
0000026d  main                          
0000041d  Timer0IntHandler              
00000455  UARTIntHandler                
000004d9  GPIOPadConfigSet              
0000060d  SysCtlClockGet                
0000071d  SysCtlClockSet                
00000811  __aeabi_memcpy                
00000811  __aeabi_memcpy4               
00000811  __aeabi_memcpy8               
00000811  memcpy                        
000008ad  IntEnable                     
00000915  __TI_decompress_lzss          
0000097d  TimerConfigure                
000009dd  GPIOPinConfigure              
00000a25  UARTConfigSetExpClk           
00000a6d  __TI_auto_init_nobinit_nopinit
00000ab1  SysCtlPeripheralReady         
00000ae9  SysCtlPeripheralEnable        
00000b1d  _c_int00_noargs               
00000b51  GPIODirModeSet                
00000b7d  UARTDisable                   
00000b9d  GPIOPinTypeGPIOOutput         
00000bb5  UARTEnable                    
00000bc9  GPIOPinTypeUART               
00000bdb  TimerLoadSet                  
00000bed  IntMasterEnable               
00000bfd  TimerEnable                   
00000c0b  UARTCharGetNonBlocking        
00000c19  UARTCharPutNonBlocking        
00000c27  UARTCharsAvail                
00000c35  __TI_decompress_none          
00000c43  CPUcpsie                      
00000c4f  ResetISR                      
00000c5b  UARTFIFOEnable                
00000c65  UARTIntStatus                 
00000c6f  TimerIntEnable                
00000c77  UARTIntEnable                 
00000c7f  GPIOPinWrite                  
00000c85  SysCtlDelay                   
00000c8b  UARTFIFOLevelSet              
00000c91  TimerIntClear                 
00000c95  UARTIntClear                  
00000c99  _system_pre_init              
00000c9d  C$$EXIT                       
00000c9d  abort                         
00000e1c  __TI_Handler_Table_Base       
00000e24  __TI_CINIT_Base               
00000e24  __TI_Handler_Table_Limit      
00000e2c  __TI_CINIT_Limit              
20000000  __stack                       
20000000  __start___llvm_prf_cnts       
20000000  __stop___llvm_prf_cnts        
20000200  __STACK_END                   
20000200  __STACK_TOP                   
20000200  red                           
20000201  green                         
20000202  blue                          
20000203  toggle                        
20000204  pinInt                        
20000208  dataIn                        
ffffffff  __TI_pprof_out_hndl           
ffffffff  __TI_prof_data_size           
ffffffff  __TI_prof_data_start          
ffffffff  __binit__                     
ffffffff  __c_args__                    
ffffffff  binit                         
UNDEFED   __mpu_init                    
UNDEFED   _system_post_cinit            

[71 symbols]
