******************************************************************************
                  TI ARM Linker PC v20.2.5                     
******************************************************************************
>> Linked Mon May 10 12:40:36 2021

OUTPUT FILE NAME:   <Exp2.out>
ENTRY POINT SYMBOL: "_c_int00_noinit_noargs"  address: 000007bd


MEMORY CONFIGURATION

         name            origin    length      used     unused   attr    fill
----------------------  --------  ---------  --------  --------  ----  --------
  FLASH                 00000000   00040000  000009a4  0003f65c  R  X
  SRAM                  20000000   00008000  00000200  00007e00  RW X


SEGMENT ALLOCATION MAP

run origin  load origin   length   init length attrs members
----------  ----------- ---------- ----------- ----- -------
00000000    00000000    000009a4   000009a4    r-x
  00000000    00000000    0000026c   0000026c    r-- .intvecs
  0000026c    0000026c    0000065c   0000065c    r-x .text
  000008c8    000008c8    000000dc   000000dc    r-- .const
20000000    20000000    00000200   00000000    rw-
  20000000    20000000    00000200   00000000    rw- .stack


SECTION ALLOCATION MAP

 output                                  attributes/
section   page    origin      length       input sections
--------  ----  ----------  ----------   ----------------
.intvecs   0    00000000    0000026c     
                  00000000    0000026c     tm4c123gh6pm_startup_ccs.obj (.intvecs)

.text      0    0000026c    0000065c     
                  0000026c    00000132     driverlib.lib : gpio.obj (.text:GPIOPadConfigSet)
                  0000039e    00000002     --HOLE-- [fill = 0]
                  000003a0    00000110                   : sysctl.obj (.text:SysCtlClockGet)
                  000004b0    000000f4                   : sysctl.obj (.text:SysCtlClockSet)
                  000005a4    000000d4     main_exp2.obj (.text)
                  00000678    00000068     driverlib.lib : interrupt.obj (.text:IntEnable)
                  000006e0    00000060                   : timer.obj (.text:TimerConfigure)
                  00000740    00000046                   : uart.obj (.text:UARTConfigSetExpClk)
                  00000786    00000002     --HOLE-- [fill = 0]
                  00000788    00000034                   : sysctl.obj (.text:SysCtlPeripheralEnable)
                  000007bc    0000002c     rtsv7M4_T_le_v4SPD16_eabi.lib : boot_cortex_m.c.obj (.text:_c_int00_noinit_noargs:_c_int00_noinit_noargs)
                  000007e8    0000002a     driverlib.lib : gpio.obj (.text:GPIODirModeSet)
                  00000812    00000002     --HOLE-- [fill = 0]
                  00000814    00000020                   : uart.obj (.text:UARTDisable)
                  00000834    00000018                   : gpio.obj (.text:GPIOPinTypeGPIOOutput)
                  0000084c    00000014                   : uart.obj (.text:UARTEnable)
                  00000860    00000012                   : timer.obj (.text:TimerLoadSet)
                  00000872    00000010                   : interrupt.obj (.text:IntMasterEnable)
                  00000882    0000000e                   : timer.obj (.text:TimerEnable)
                  00000890    0000000c                   : cpu.obj (.text:CPUcpsie)
                  0000089c    0000000c     tm4c123gh6pm_startup_ccs.obj (.text)
                  000008a8    00000008     driverlib.lib : timer.obj (.text:TimerIntEnable)
                  000008b0    00000006                   : gpio.obj (.text:GPIOPinWrite)
                  000008b6    00000006                   : sysctl.obj (.text:SysCtlDelay)
                  000008bc    00000004                   : timer.obj (.text:TimerIntClear)
                  000008c0    00000004     rtsv7M4_T_le_v4SPD16_eabi.lib : pre_init.c.obj (.text:_system_pre_init)
                  000008c4    00000004                                   : exit.c.obj (.text:abort:abort)

.const     0    000008c8    000000dc     
                  000008c8    00000070     driverlib.lib : interrupt.obj (.const)
                  00000938    0000006c                   : sysctl.obj (.const:g_pui32Xtals)

.cinit     0    00000000    00000000     UNINITIALIZED

.init_array 
*          0    00000000    00000000     UNINITIALIZED

.stack     0    20000000    00000200     UNINITIALIZED
                  20000000    00000004     rtsv7M4_T_le_v4SPD16_eabi.lib : boot_cortex_m.c.obj (.stack)
                  20000004    000001fc     --HOLE--

__llvm_prf_cnts 
*          0    20000000    00000000     UNINITIALIZED

MODULE SUMMARY

       Module                         code   ro data   rw data
       ------                         ----   -------   -------
    .\
       tm4c123gh6pm_startup_ccs.obj   12     620       0      
       main_exp2.obj                  212    0         0      
    +--+------------------------------+------+---------+---------+
       Total:                         224    620       0      
                                                              
    C:/ti/TivaWare_C_Series-2.1.4.178/driverlib/ccs/Debug/driverlib.lib
       sysctl.obj                     574    108       0      
       gpio.obj                       378    0         0      
       interrupt.obj                  120    112       0      
       timer.obj                      140    0         0      
       uart.obj                       122    0         0      
       cpu.obj                        12     0         0      
    +--+------------------------------+------+---------+---------+
       Total:                         1346   220       0      
                                                              
    C:\ti\ccs1031\ccs\tools\compiler\ti-cgt-arm_20.2.5.LTS\lib\rtsv7M4_T_le_v4SPD16_eabi.lib
       boot_cortex_m.c.obj            44     0         0      
       exit.c.obj                     4      0         0      
       pre_init.c.obj                 4      0         0      
    +--+------------------------------+------+---------+---------+
       Total:                         52     0         0      
                                                              
       Stack:                         0      0         512    
    +--+------------------------------+------+---------+---------+
       Grand Total:                   1622   840       512    


GLOBAL SYMBOLS: SORTED ALPHABETICALLY BY Name 

address   name                   
-------   ----                   
000008c5  C$$EXIT                
00000891  CPUcpsie               
000007e9  GPIODirModeSet         
0000026d  GPIOPadConfigSet       
00000835  GPIOPinTypeGPIOOutput  
000008b1  GPIOPinWrite           
00000679  IntEnable              
00000873  IntMasterEnable        
0000089d  ResetISR               
000003a1  SysCtlClockGet         
000004b1  SysCtlClockSet         
000008b7  SysCtlDelay            
00000789  SysCtlPeripheralEnable 
0000063f  Timer0IntHandler       
000006e1  TimerConfigure         
00000883  TimerEnable            
000008bd  TimerIntClear          
000008a9  TimerIntEnable         
00000861  TimerLoadSet           
00000741  UARTConfigSetExpClk    
00000815  UARTDisable            
0000084d  UARTEnable             
20000200  __STACK_END            
00000200  __STACK_SIZE           
20000200  __STACK_TOP            
ffffffff  __TI_pprof_out_hndl    
ffffffff  __TI_prof_data_size    
ffffffff  __TI_prof_data_start   
00000000  __TI_static_base__     
ffffffff  __binit__              
ffffffff  __c_args__             
UNDEFED   __mpu_init             
20000000  __stack                
20000000  __start___llvm_prf_cnts
20000000  __stop___llvm_prf_cnts 
000007bd  _c_int00_noinit_noargs 
000008c1  _system_pre_init       
000008c5  abort                  
ffffffff  binit                  
00000000  g_pfnVectors           
000005a5  main                   


GLOBAL SYMBOLS: SORTED BY Symbol Address 

address   name                   
-------   ----                   
00000000  __TI_static_base__     
00000000  g_pfnVectors           
00000200  __STACK_SIZE           
0000026d  GPIOPadConfigSet       
000003a1  SysCtlClockGet         
000004b1  SysCtlClockSet         
000005a5  main                   
0000063f  Timer0IntHandler       
00000679  IntEnable              
000006e1  TimerConfigure         
00000741  UARTConfigSetExpClk    
00000789  SysCtlPeripheralEnable 
000007bd  _c_int00_noinit_noargs 
000007e9  GPIODirModeSet         
00000815  UARTDisable            
00000835  GPIOPinTypeGPIOOutput  
0000084d  UARTEnable             
00000861  TimerLoadSet           
00000873  IntMasterEnable        
00000883  TimerEnable            
00000891  CPUcpsie               
0000089d  ResetISR               
000008a9  TimerIntEnable         
000008b1  GPIOPinWrite           
000008b7  SysCtlDelay            
000008bd  TimerIntClear          
000008c1  _system_pre_init       
000008c5  C$$EXIT                
000008c5  abort                  
20000000  __stack                
20000000  __start___llvm_prf_cnts
20000000  __stop___llvm_prf_cnts 
20000200  __STACK_END            
20000200  __STACK_TOP            
ffffffff  __TI_pprof_out_hndl    
ffffffff  __TI_prof_data_size    
ffffffff  __TI_prof_data_start   
ffffffff  __binit__              
ffffffff  __c_args__             
ffffffff  binit                  
UNDEFED   __mpu_init             

[41 symbols]
