Microchip MPLAB XC8 Compiler V2.31

Linker command line:

-W-3 --edf=C:\Program Files\Microchip\xc8\v2.31\pic\dat\en_msgs.txt -cn \
  -h+dist/default/production\Lab3.X.production.sym \
  --cmf=dist/default/production\Lab3.X.production.cmf -z -Q16F887 \
  -oC:\Users\edgar\AppData\Local\Temp\sgq8.2 --defsym=__MPLAB_BUILD=1 \
  -Mdist/default/production/Lab3.X.production.map -E1 -ver=XC8 Compiler \
  --acfsm=1493 -ASTACK=0110h-016Fh -pstack=STACK -ACODE=00h-07FFhx4 \
  -ASTRCODE=00h-01FFFh -ASTRING=00h-0FFhx32 -ACONST=00h-0FFhx32 \
  -AENTRY=00h-0FFhx32 -ACOMMON=070h-07Fh -ABANK0=020h-06Fh \
  -ABANK1=0A0h-0EFh -ABANK2=0110h-016Fh -ABANK3=0190h-01EFh \
  -ARAM=020h-06Fh,0A0h-0EFh,0110h-016Fh,0190h-01EFh \
  -AABS1=020h-07Fh,0A0h-0EFh,0110h-016Fh,0190h-01EFh -ASFR0=00h-01Fh \
  -ASFR1=080h-09Fh -ASFR2=0100h-010Fh -ASFR3=0180h-018Fh \
  -ACONFIG=02007h-02008h -DCONFIG=2 -AIDLOC=02000h-02003h -DIDLOC=2 \
  -AEEDATA=00h-0FFh/02100h -peeprom_data=EEDATA -DEEDATA=2 -DCODE=2 \
  -DSTRCODE=2 -DSTRING=2 -DCONST=2 -DENTRY=2 \
  -preset_vec=00h,intentry=04h,init,end_init -ppowerup=CODE -pcinit=CODE \
  -pfunctab=ENTRY -k C:\Users\edgar\AppData\Local\Temp\sgq8.o \
  dist/default/production\Lab3.X.production.o 

Object code version is 3.11

Machine type is 16F887



                Name                               Link     Load   Length Selector   Space Scale
C:\Users\edgar\AppData\Local\Temp\sgq8.o
                end_init                              E        E        3        8       0
                reset_vec                             0        0        3        0       0
                config                             2007     2007        2        0       4
dist/default/production\Lab3.X.production.o
                cinit                                11       11       16        8       0
                intentry                              4        4        A        8       0
                config                             2007     2007        2        0       4
                text20                              715      715        E      8CA       0
                text19                              465      465       56      8CA       0
                text18                              5E0      5E0       3C      8CA       0
                text17                              69E      69E       1C      8CA       0
                text16                              506      506       4A      8CA       0
                text15                              6D2      6D2       13      8CA       0
                text14                              72E      72E        B      8CA       0
                text13                              707      707        E      8CA       0
                text12                              25E      25E      11A        8       0
                text11                              678      678       26      8CA       0
                text10                              6BA      6BA       18      8CA       0
                text9                               64F      64F       29      8CA       0
                text8                               378      378       85        8       0
                text7                               598      598       48      8CA       0
                text6                               550      550       48      8CA       0
                text5                                27       27      237        8       0
                text4                               6F6      6F6       11      8CA       0
                text3                               6E5      6E5       11      8CA       0
                text2                               61C      61C       33      8CA       0
                text1                               723      723        B      8CA       0
                maintext                            4BB      4BB       4B      8CA       0
                cstackBANK0                          20       20        D       20       1
                cstackCOMMON                         70       70        6       70       1
                bssBANK0                             2D       2D        B       20       1
                dataCOMMON                           77       77        1       70       1
                bssCOMMON                            76       76        1       70       1
                strings                             400      400       65      800       0
                idataCOMMON                         739      739        1      8CA       0

TOTAL           Name                               Link     Load   Length     Space
        CLASS   STACK          

        CLASS   CODE           
                end_init                              E        E        3         0
                cinit                                11       11       16         0
                intentry                              4        4        A         0
                reset_vec                             0        0        3         0
                text20                              715      715        E         0
                text19                              465      465       56         0
                text18                              5E0      5E0       3C         0
                text17                              69E      69E       1C         0
                text16                              506      506       4A         0
                text15                              6D2      6D2       13         0
                text14                              72E      72E        B         0
                text13                              707      707        E         0
                text12                              25E      25E      11A         0
                text11                              678      678       26         0
                text10                              6BA      6BA       18         0
                text9                               64F      64F       29         0
                text8                               378      378       85         0
                text7                               598      598       48         0
                text6                               550      550       48         0
                text5                                27       27      237         0
                text4                               6F6      6F6       11         0
                text3                               6E5      6E5       11         0
                text2                               61C      61C       33         0
                text1                               723      723        B         0
                maintext                            4BB      4BB       4B         0
                idataCOMMON                         739      739        1         0

        CLASS   STRCODE        

        CLASS   STRING         
                strings                             400      400       65         0

        CLASS   CONST          

        CLASS   ENTRY          

        CLASS   COMMON         
                cstackCOMMON                         70       70        6         1
                dataCOMMON                           77       77        1         1
                bssCOMMON                            76       76        1         1

        CLASS   BANK0          
                cstackBANK0                          20       20        D         1
                bssBANK0                             2D       2D        B         1

        CLASS   BANK1          

        CLASS   BANK2          

        CLASS   BANK3          

        CLASS   RAM            

        CLASS   ABS1           
                abs_s1                               7E       7E        2         1

        CLASS   SFR0           

        CLASS   SFR1           

        CLASS   SFR2           

        CLASS   SFR3           

        CLASS   CONFIG         
                config                             2007     2007        2         4

        CLASS   IDLOC          

        CLASS   EEDATA         



SEGMENTS        Name                           Load    Length   Top    Selector   Space  Class     Delta

                reset_vec                      000000  000003  000003         0       0  CODE        2
                intentry                       000004  0003F9  0003FD         8       0  CODE        2
                cstackBANK0                    000020  000018  000038        20       1  BANK0       1
                cstackCOMMON                   000070  000008  000078        70       1  COMMON      1
                strings                        000400  000065  000465       800       0  STRING      2
                text19                         000465  0002D5  00073A       8CA       0  CODE        2


UNUSED ADDRESS RANGES

        Name                Unused          Largest block    Delta
        BANK0            0038-006F             38           1
        BANK1            00A0-00EF             50           1
        BANK2            0110-016F             60           1
        BANK3            0190-01EF             60           1
        CODE             0003-0003              1           2
                         03FD-03FF              3
                         073A-1FFF            800
        COMMON           0078-007D              6           1
        CONST            0003-0003              1           2
                         03FD-03FF              3
                         073A-1FFF            100
        EEDATA           2100-21FF            100           2
        ENTRY            0003-0003              1           2
                         03FD-03FF              3
                         073A-1FFF            100
        IDLOC            2000-2003              4           2
        RAM              0038-006F             38           1
                         00A0-00EF             50
                         0110-016F             60
                         0190-01EF             60
        SFR0             0000-001F             20           1
        SFR1             0080-009F             20           1
        SFR2             0100-010F             10           1
        SFR3             0180-018F             10           1
        STACK            0110-016F             60           1
        STRCODE          0003-0003              1           2
                         03FD-03FF              3
                         073A-1FFF           18C6
        STRING           0003-0003              1           2
                         03FD-03FF              3
                         073A-1FFF            100

                                  Symbol Table

Lcd_Cmd@a                  cstackBANK0  0023
Lcd_Port@a                 cstackBANK0  0020
Lcd_Set_Cursor@a           cstackBANK0  0026
Lcd_Set_Cursor@b           cstackBANK0  0024
Lcd_Set_Cursor@temp        cstackBANK0  0027
Lcd_Write_Char@a           cstackBANK0  0022
Lcd_Write_String@a         cstackBANK0  0025
Lcd_Write_String@i         cstackBANK0  0023
_ADCON0                    (abs)        001F
_ADCON0bits                (abs)        001F
_ADCON1                    (abs)        009F
_ADIE                      (abs)        0466
_ADIF                      (abs)        0066
_ADRESH                    (abs)        001E
_ANSELH                    (abs)        0189
_BAUDCTL                   (abs)        0187
_INTCON                    (abs)        000B
_Lcd_Cmd                   text17       069E
_Lcd_Init                  text16       0506
_Lcd_Port                  text18       05E0
_Lcd_Set_Cursor            text11       0678
_Lcd_Write_Char            text10       06BA
_Lcd_Write_String          text9        064F
_PIE1                      (abs)        008C
_PIR1bits                  (abs)        000C
_PORTB                     (abs)        0006
_PORTD                     (abs)        0008
_RB2                       (abs)        0032
_RB3                       (abs)        0033
_RCIE                      (abs)        0465
_RCIF                      (abs)        0065
_RCREG                     (abs)        001A
_RCSTA                     (abs)        0018
_RC_data                   bssCOMMON    0076
_RD0                       (abs)        0040
_RD1                       (abs)        0041
_RD2                       (abs)        0042
_RD3                       (abs)        0043
_RD4                       (abs)        0044
_RD5                       (abs)        0045
_RD6                       (abs)        0046
_RD7                       (abs)        0047
_SPBRG                     (abs)        0099
_SPBRGH                    (abs)        009A
_TRISB                     (abs)        0086
_TRISD                     (abs)        0088
_TXREG                     (abs)        0019
_TXSTA                     (abs)        0098
_TXSTAbits                 (abs)        0098
__Habs1                    abs1         0000
__Hbank0                   bank0        0000
__Hbank1                   bank1        0000
__Hbank2                   bank2        0000
__Hbank3                   bank3        0000
__HbssBANK0                bssBANK0     0000
__HbssCOMMON               bssCOMMON    0000
__Hcinit                   cinit        0027
__Hclrtext                 clrtext      0000
__Hcode                    code         0000
__Hcommon                  common       0000
__Hconfig                  config       2009
__HcstackBANK0             cstackBANK0  0000
__HcstackCOMMON            cstackCOMMON 0000
__HdataCOMMON              dataCOMMON   0000
__Heeprom_data             eeprom_data  0000
__Hend_init                end_init     0011
__Hfunctab                 functab      0000
__HidataCOMMON             idataCOMMON  0000
__Hinit                    init         000E
__Hintentry                intentry     000E
__Hmaintext                maintext     0000
__Hpowerup                 powerup      0000
__Hram                     ram          0000
__Hreset_vec               reset_vec    0003
__Hsfr0                    sfr0         0000
__Hsfr1                    sfr1         0000
__Hsfr2                    sfr2         0000
__Hsfr3                    sfr3         0000
__Hspace_0                 (abs)        073A
__Hspace_1                 (abs)        0078
__Hspace_2                 (abs)        0000
__Hspace_3                 (abs)        0000
__Hspace_4                 (abs)        4010
__Hstack                   stack        0000
__Hstrings                 strings      0000
__Htext                    text         0000
__Labs1                    abs1         0000
__Lbank0                   bank0        0000
__Lbank1                   bank1        0000
__Lbank2                   bank2        0000
__Lbank3                   bank3        0000
__LbssBANK0                bssBANK0     0000
__LbssCOMMON               bssCOMMON    0000
__Lcinit                   cinit        0011
__Lclrtext                 clrtext      0000
__Lcode                    code         0000
__Lcommon                  common       0000
__Lconfig                  config       0000
__LcstackBANK0             cstackBANK0  0000
__LcstackCOMMON            cstackCOMMON 0000
__LdataCOMMON              dataCOMMON   0000
__Leeprom_data             eeprom_data  0000
__Lend_init                end_init     000E
__Lfunctab                 functab      0000
__LidataCOMMON             idataCOMMON  0000
__Linit                    init         000E
__Lintentry                intentry     0004
__Lmaintext                maintext     0000
__Lpowerup                 powerup      0000
__Lram                     ram          0000
__Lreset_vec               reset_vec    0000
__Lsfr0                    sfr0         0000
__Lsfr1                    sfr1         0000
__Lsfr2                    sfr2         0000
__Lsfr3                    sfr3         0000
__Lspace_0                 (abs)        0000
__Lspace_1                 (abs)        0000
__Lspace_2                 (abs)        0000
__Lspace_3                 (abs)        0000
__Lspace_4                 (abs)        0000
__Lstack                   stack        0000
__Lstrings                 strings      0000
__Ltext                    text         0000
__S0                       (abs)        073A
__S1                       (abs)        0078
__S2                       (abs)        0000
__S3                       (abs)        0000
___int_sp                  stack        0000
___latbits                 (abs)        0002
___sp                      stack        0000
___stackhi                 (abs)        0000
___stacklo                 (abs)        0000
__end_of_Lcd_Cmd           text17       06BA
__end_of_Lcd_Init          text16       0550
__end_of_Lcd_Port          text18       061C
__end_of_Lcd_Set_Cursor    text11       069E
__end_of_Lcd_Write_Char    text10       06D2
__end_of_Lcd_Write_String  text9        0678
__end_of__initialization   cinit        0023
__end_of__stringtab        strings      0406
__end_of_adc_start         text15       06E5
__end_of_encabezado_usart  text12       0378
__end_of_isr               text19       04BB
__end_of_main              maintext     0506
__end_of_mostrar_datos     text5        025E
__end_of_mostrar_texto     text4        0707
__end_of_num_ascii         text8        03FD
__end_of_numero            text7        05E0
__end_of_setup             text2        064F
__end_of_usart_R           text20       0723
__end_of_usart_T_erase     text1        072E
__end_of_usart_T_nl        text14       0739
__end_of_usart_T_virt      text13       0715
__end_of_usart_conf        text3        06F6
__end_of_voltaje           text6        0598
__initialization           cinit        0011
__pbssBANK0                bssBANK0     002D
__pbssCOMMON               bssCOMMON    0076
__pcstackBANK0             cstackBANK0  0020
__pcstackCOMMON            cstackCOMMON 0070
__pdataCOMMON              dataCOMMON   0077
__pidataCOMMON             idataCOMMON  0739
__pintentry                intentry     0004
__pmaintext                maintext     04BB
__pstrings                 strings      0400
__ptext1                   text1        0723
__ptext10                  text10       06BA
__ptext11                  text11       0678
__ptext12                  text12       025E
__ptext13                  text13       0707
__ptext14                  text14       072E
__ptext15                  text15       06D2
__ptext16                  text16       0506
__ptext17                  text17       069E
__ptext18                  text18       05E0
__ptext19                  text19       0465
__ptext2                   text2        061C
__ptext20                  text20       0715
__ptext3                   text3        06E5
__ptext4                   text4        06F6
__ptext5                   text5        0027
__ptext6                   text6        0550
__ptext7                   text7        0598
__ptext8                   text8        0378
__ptext9                   text9        064F
__size_of_Lcd_Cmd          (abs)        0000
__size_of_Lcd_Init         (abs)        0000
__size_of_Lcd_Port         (abs)        0000
__size_of_Lcd_Set_Cursor   (abs)        0000
__size_of_Lcd_Write_Char   (abs)        0000
__size_of_Lcd_Write_String (abs)        0000
__size_of_adc_start        (abs)        0000
__size_of_encabezado_usart (abs)        0000
__size_of_isr              (abs)        0000
__size_of_main             (abs)        0000
__size_of_mostrar_datos    (abs)        0000
__size_of_mostrar_texto    (abs)        0000
__size_of_num_ascii        (abs)        0000
__size_of_numero           (abs)        0000
__size_of_setup            (abs)        0000
__size_of_usart_R          (abs)        0000
__size_of_usart_T_erase    (abs)        0000
__size_of_usart_T_nl       (abs)        0000
__size_of_usart_T_virt     (abs)        0000
__size_of_usart_conf       (abs)        0000
__size_of_voltaje          (abs)        0000
__stringbase               strings      0405
__stringtab                strings      0400
_adc_start                 text15       06D2
_cont                      bssBANK0     002E
_cont_cent                 bssBANK0     0034
_cont_dec                  bssBANK0     0033
_cont_uni                  bssBANK0     0032
_data_t                    bssBANK0     0031
_encabezado_usart          text12       025E
_isr                       text19       0465
_main                      maintext     04BB
_mostrar_datos             text5        0027
_mostrar_texto             text4        06F6
_num_ascii                 text8        0378
_numero                    text7        0598
_pot1                      bssBANK0     0030
_pot2                      bssBANK0     002F
_setup                     text2        061C
_temp                      bssBANK0     002D
_usart_R                   text20       0715
_usart_T_erase             text1        0723
_usart_T_nl                text14       072E
_usart_T_virt              text13       0707
_usart_conf                text3        06E5
_vol_dec1                  bssBANK0     0036
_vol_dec2                  bssBANK0     0035
_vol_u                     bssBANK0     0037
_voltaje                   text6        0550
btemp                      (abs)        007E
end_of_initialization      cinit        0023
interrupt_function         intentry     0004
intlevel0                  functab      0000
intlevel1                  functab      0000
intlevel2                  functab      0000
intlevel3                  functab      0000
intlevel4                  functab      0000
intlevel5                  functab      0000
num_ascii@code             cstackBANK0  0020
num_ascii@value            cstackBANK0  0023
numero@cent                cstackBANK0  0020
numero@data_in             cstackBANK0  0024
numero@dec                 cstackBANK0  0021
numero@uni                 cstackBANK0  0022
reset_vec                  reset_vec    0000
saved_w                    (abs)        007E
start                      init         000E
start_initialization       cinit        0011
usart_R@r_data             cstackCOMMON 0071
usart_T_virt@t_data        cstackBANK0  0020
voltaje@data_in            cstackBANK0  0024
voltaje@volt_d1            cstackBANK0  0021
voltaje@volt_d2            cstackBANK0  0022
voltaje@volt_u             cstackBANK0  0020
wtemp0                     (abs)        007E


FUNCTION INFORMATION:

 *************** function _main *****************
 Defined at:
		line 66 in file "lab3.c"
 Parameters:    Size  Location     Type
		None
 Auto vars:     Size  Location     Type
		None
 Return value:  Size  Location     Type
                  1    wreg      void 
 Registers used:
		wreg, fsr0l, fsr0h, status,2, status,0, pclath, cstack
 Tracked objects:
		On entry : 
		On exit  : 
		Unchanged: 
 Data sizes:     COMMON   BANK0   BANK1   BANK3   BANK2
      Params:         0       0       0       0       0
      Locals:         0       0       0       0       0
      Temps:          0       2       0       0       0
      Totals:         0       2       0       0       0
Total ram usage:        2 bytes
 Hardware stack levels required when called:    6
 This function calls:
		_Lcd_Init
		_adc_start
		_encabezado_usart
		_mostrar_datos
		_mostrar_texto
		_setup
		_usart_T_erase
 This function is called by:
		Startup code after reset
 This function uses a non-reentrant model


 *************** function _usart_T_erase *****************
 Defined at:
		line 62 in file "USART.c"
 Parameters:    Size  Location     Type
		None
 Auto vars:     Size  Location     Type
		None
 Return value:  Size  Location     Type
                  1    wreg      void 
 Registers used:
		wreg
 Tracked objects:
		On entry : 
		On exit  : 
		Unchanged: 
 Data sizes:     COMMON   BANK0   BANK1   BANK3   BANK2
      Params:         0       0       0       0       0
      Locals:         0       0       0       0       0
      Temps:          0       0       0       0       0
      Totals:         0       0       0       0       0
Total ram usage:        0 bytes
 Hardware stack levels used:    1
 Hardware stack levels required when called:    2
 This function calls:
		Nothing
 This function is called by:
		_main
 This function uses a non-reentrant model


 *************** function _setup *****************
 Defined at:
		line 88 in file "lab3.c"
 Parameters:    Size  Location     Type
		None
 Auto vars:     Size  Location     Type
		None
 Return value:  Size  Location     Type
                  1    wreg      void 
 Registers used:
		wreg, status,2, status,0, pclath, cstack
 Tracked objects:
		On entry : 
		On exit  : 
		Unchanged: 
 Data sizes:     COMMON   BANK0   BANK1   BANK3   BANK2
      Params:         0       0       0       0       0
      Locals:         0       0       0       0       0
      Temps:          0       1       0       0       0
      Totals:         0       1       0       0       0
Total ram usage:        1 bytes
 Hardware stack levels used:    1
 Hardware stack levels required when called:    3
 This function calls:
		_usart_conf
 This function is called by:
		_main
 This function uses a non-reentrant model


 *************** function _usart_conf *****************
 Defined at:
		line 16 in file "USART.c"
 Parameters:    Size  Location     Type
		None
 Auto vars:     Size  Location     Type
		None
 Return value:  Size  Location     Type
                  1    wreg      void 
 Registers used:
		wreg, status,2
 Tracked objects:
		On entry : 
		On exit  : 
		Unchanged: 
 Data sizes:     COMMON   BANK0   BANK1   BANK3   BANK2
      Params:         0       0       0       0       0
      Locals:         0       0       0       0       0
      Temps:          0       0       0       0       0
      Totals:         0       0       0       0       0
Total ram usage:        0 bytes
 Hardware stack levels used:    1
 Hardware stack levels required when called:    2
 This function calls:
		Nothing
 This function is called by:
		_setup
 This function uses a non-reentrant model


 *************** function _mostrar_texto *****************
 Defined at:
		line 128 in file "lab3.c"
 Parameters:    Size  Location     Type
		None
 Auto vars:     Size  Location     Type
		None
 Return value:  Size  Location     Type
                  1    wreg      void 
 Registers used:
		wreg, fsr0l, fsr0h, status,2, status,0, pclath, cstack
 Tracked objects:
		On entry : 
		On exit  : 
		Unchanged: 
 Data sizes:     COMMON   BANK0   BANK1   BANK3   BANK2
      Params:         0       0       0       0       0
      Locals:         0       0       0       0       0
      Temps:          0       0       0       0       0
      Totals:         0       0       0       0       0
Total ram usage:        0 bytes
 Hardware stack levels used:    1
 Hardware stack levels required when called:    5
 This function calls:
		_Lcd_Set_Cursor
		_Lcd_Write_String
 This function is called by:
		_main
 This function uses a non-reentrant model


 *************** function _mostrar_datos *****************
 Defined at:
		line 134 in file "lab3.c"
 Parameters:    Size  Location     Type
		None
 Auto vars:     Size  Location     Type
		None
 Return value:  Size  Location     Type
                  1    wreg      void 
 Registers used:
		wreg, fsr0l, fsr0h, status,2, status,0, pclath, cstack
 Tracked objects:
		On entry : 
		On exit  : 
		Unchanged: 
 Data sizes:     COMMON   BANK0   BANK1   BANK3   BANK2
      Params:         0       0       0       0       0
      Locals:         0       0       0       0       0
      Temps:          0       3       0       0       0
      Totals:         0       3       0       0       0
Total ram usage:        3 bytes
 Hardware stack levels used:    1
 Hardware stack levels required when called:    5
 This function calls:
		_Lcd_Set_Cursor
		_Lcd_Write_Char
		_Lcd_Write_String
		_num_ascii
		_numero
		_usart_T_nl
		_usart_T_virt
		_voltaje
 This function is called by:
		_main
 This function uses a non-reentrant model


 *************** function _voltaje *****************
 Defined at:
		line 225 in file "lab3.c"
 Parameters:    Size  Location     Type
  data_in         1    wreg     unsigned char 
  volt_u          1    0[BANK0 ] PTR unsigned char 
		 -> vol_u(1), 
  volt_d1         1    1[BANK0 ] PTR unsigned char 
		 -> vol_dec1(1), 
  volt_d2         1    2[BANK0 ] PTR unsigned char 
		 -> vol_dec2(1), 
 Auto vars:     Size  Location     Type
  data_in         1    4[BANK0 ] unsigned char 
 Return value:  Size  Location     Type
                  1    wreg      void 
 Registers used:
		wreg, fsr0l, fsr0h, status,2, status,0
 Tracked objects:
		On entry : 
		On exit  : 
		Unchanged: 
 Data sizes:     COMMON   BANK0   BANK1   BANK3   BANK2
      Params:         0       3       0       0       0
      Locals:         0       1       0       0       0
      Temps:          0       1       0       0       0
      Totals:         0       5       0       0       0
Total ram usage:        5 bytes
 Hardware stack levels used:    1
 Hardware stack levels required when called:    2
 This function calls:
		Nothing
 This function is called by:
		_mostrar_datos
 This function uses a non-reentrant model


 *************** function _numero *****************
 Defined at:
		line 252 in file "lab3.c"
 Parameters:    Size  Location     Type
  data_in         1    wreg     unsigned char 
  cent            1    0[BANK0 ] PTR unsigned char 
		 -> cont_cent(1), 
  dec             1    1[BANK0 ] PTR unsigned char 
		 -> cont_dec(1), 
  uni             1    2[BANK0 ] PTR unsigned char 
		 -> cont_uni(1), 
 Auto vars:     Size  Location     Type
  data_in         1    4[BANK0 ] unsigned char 
 Return value:  Size  Location     Type
                  1    wreg      void 
 Registers used:
		wreg, fsr0l, fsr0h, status,2, status,0
 Tracked objects:
		On entry : 
		On exit  : 
		Unchanged: 
 Data sizes:     COMMON   BANK0   BANK1   BANK3   BANK2
      Params:         0       3       0       0       0
      Locals:         0       1       0       0       0
      Temps:          0       1       0       0       0
      Totals:         0       5       0       0       0
Total ram usage:        5 bytes
 Hardware stack levels used:    1
 Hardware stack levels required when called:    2
 This function calls:
		Nothing
 This function is called by:
		_mostrar_datos
 This function uses a non-reentrant model


 *************** function _num_ascii *****************
 Defined at:
		line 74 in file "USART.c"
 Parameters:    Size  Location     Type
  value           1    wreg     unsigned char 
  code            1    0[BANK0 ] PTR unsigned char 
		 -> data_t(1), 
 Auto vars:     Size  Location     Type
  value           1    3[BANK0 ] unsigned char 
 Return value:  Size  Location     Type
                  1    wreg      void 
 Registers used:
		wreg, fsr0l, fsr0h, status,2, status,0
 Tracked objects:
		On entry : 
		On exit  : 
		Unchanged: 
 Data sizes:     COMMON   BANK0   BANK1   BANK3   BANK2
      Params:         0       1       0       0       0
      Locals:         0       1       0       0       0
      Temps:          0       2       0       0       0
      Totals:         0       4       0       0       0
Total ram usage:        4 bytes
 Hardware stack levels used:    1
 Hardware stack levels required when called:    2
 This function calls:
		Nothing
 This function is called by:
		_mostrar_datos
 This function uses a non-reentrant model


 *************** function _Lcd_Write_String *****************
 Defined at:
		line 132 in file "lcd.c"
 Parameters:    Size  Location     Type
  a               1    wreg     PTR unsigned char 
		 -> STR_8(20), STR_7(12), STR_6(13), STR_5(10), 
		 -> STR_4(16), STR_3(4), STR_2(3), STR_1(17), 
 Auto vars:     Size  Location     Type
  a               1    5[BANK0 ] PTR unsigned char 
		 -> STR_8(20), STR_7(12), STR_6(13), STR_5(10), 
		 -> STR_4(16), STR_3(4), STR_2(3), STR_1(17), 
  i               2    3[BANK0 ] int 
 Return value:  Size  Location     Type
                  1    wreg      void 
 Registers used:
		wreg, fsr0l, fsr0h, status,2, status,0, pclath, cstack
 Tracked objects:
		On entry : 
		On exit  : 
		Unchanged: 
 Data sizes:     COMMON   BANK0   BANK1   BANK3   BANK2
      Params:         0       0       0       0       0
      Locals:         0       3       0       0       0
      Temps:          0       0       0       0       0
      Totals:         0       3       0       0       0
Total ram usage:        3 bytes
 Hardware stack levels used:    1
 Hardware stack levels required when called:    4
 This function calls:
		_Lcd_Write_Char
 This function is called by:
		_mostrar_texto
		_mostrar_datos
		_Lcd_Credits
 This function uses a non-reentrant model


 *************** function _Lcd_Write_Char *****************
 Defined at:
		line 111 in file "lcd.c"
 Parameters:    Size  Location     Type
  a               1    wreg     unsigned char 
 Auto vars:     Size  Location     Type
  a               1    2[BANK0 ] unsigned char 
 Return value:  Size  Location     Type
                  1    wreg      void 
 Registers used:
		wreg, status,2, status,0, pclath, cstack
 Tracked objects:
		On entry : 
		On exit  : 
		Unchanged: 
 Data sizes:     COMMON   BANK0   BANK1   BANK3   BANK2
      Params:         0       0       0       0       0
      Locals:         0       1       0       0       0
      Temps:          0       1       0       0       0
      Totals:         0       2       0       0       0
Total ram usage:        2 bytes
 Hardware stack levels used:    1
 Hardware stack levels required when called:    3
 This function calls:
		_Lcd_Port
 This function is called by:
		_mostrar_datos
		_Lcd_Write_String
		_Lcd_Credits
 This function uses a non-reentrant model


 *************** function _Lcd_Set_Cursor *****************
 Defined at:
		line 74 in file "lcd.c"
 Parameters:    Size  Location     Type
  a               1    wreg     unsigned char 
  b               1    4[BANK0 ] unsigned char 
 Auto vars:     Size  Location     Type
  a               1    6[BANK0 ] unsigned char 
  temp            1    7[BANK0 ] unsigned char 
  y               1    0        unsigned char 
  z               1    0        unsigned char 
 Return value:  Size  Location     Type
                  1    wreg      void 
 Registers used:
		wreg, status,2, status,0, pclath, cstack
 Tracked objects:
		On entry : 
		On exit  : 
		Unchanged: 
 Data sizes:     COMMON   BANK0   BANK1   BANK3   BANK2
      Params:         0       1       0       0       0
      Locals:         0       2       0       0       0
      Temps:          0       1       0       0       0
      Totals:         0       4       0       0       0
Total ram usage:        4 bytes
 Hardware stack levels used:    1
 Hardware stack levels required when called:    4
 This function calls:
		_Lcd_Cmd
 This function is called by:
		_mostrar_texto
		_mostrar_datos
		_Lcd_Credits
 This function uses a non-reentrant model


 *************** function _encabezado_usart *****************
 Defined at:
		line 273 in file "lab3.c"
 Parameters:    Size  Location     Type
		None
 Auto vars:     Size  Location     Type
		None
 Return value:  Size  Location     Type
                  1    wreg      void 
 Registers used:
		wreg, status,2, status,0, pclath, cstack
 Tracked objects:
		On entry : 
		On exit  : 
		Unchanged: 
 Data sizes:     COMMON   BANK0   BANK1   BANK3   BANK2
      Params:         0       0       0       0       0
      Locals:         0       0       0       0       0
      Temps:          0       2       0       0       0
      Totals:         0       2       0       0       0
Total ram usage:        2 bytes
 Hardware stack levels used:    1
 Hardware stack levels required when called:    3
 This function calls:
		_usart_T_nl
		_usart_T_virt
 This function is called by:
		_main
 This function uses a non-reentrant model


 *************** function _usart_T_virt *****************
 Defined at:
		line 50 in file "USART.c"
 Parameters:    Size  Location     Type
  t_data          1    wreg     unsigned char 
 Auto vars:     Size  Location     Type
  t_data          1    0[BANK0 ] unsigned char 
 Return value:  Size  Location     Type
                  1    wreg      void 
 Registers used:
		wreg
 Tracked objects:
		On entry : 
		On exit  : 
		Unchanged: 
 Data sizes:     COMMON   BANK0   BANK1   BANK3   BANK2
      Params:         0       0       0       0       0
      Locals:         0       1       0       0       0
      Temps:          0       0       0       0       0
      Totals:         0       1       0       0       0
Total ram usage:        1 bytes
 Hardware stack levels used:    1
 Hardware stack levels required when called:    2
 This function calls:
		Nothing
 This function is called by:
		_mostrar_datos
		_encabezado_usart
		_usart_T_string
 This function uses a non-reentrant model


 *************** function _usart_T_nl *****************
 Defined at:
		line 56 in file "USART.c"
 Parameters:    Size  Location     Type
		None
 Auto vars:     Size  Location     Type
		None
 Return value:  Size  Location     Type
                  1    wreg      void 
 Registers used:
		wreg
 Tracked objects:
		On entry : 
		On exit  : 
		Unchanged: 
 Data sizes:     COMMON   BANK0   BANK1   BANK3   BANK2
      Params:         0       0       0       0       0
      Locals:         0       0       0       0       0
      Temps:          0       0       0       0       0
      Totals:         0       0       0       0       0
Total ram usage:        0 bytes
 Hardware stack levels used:    1
 Hardware stack levels required when called:    2
 This function calls:
		Nothing
 This function is called by:
		_mostrar_datos
		_encabezado_usart
 This function uses a non-reentrant model


 *************** function _adc_start *****************
 Defined at:
		line 121 in file "lab3.c"
 Parameters:    Size  Location     Type
		None
 Auto vars:     Size  Location     Type
		None
 Return value:  Size  Location     Type
                  1    wreg      void 
 Registers used:
		wreg
 Tracked objects:
		On entry : 
		On exit  : 
		Unchanged: 
 Data sizes:     COMMON   BANK0   BANK1   BANK3   BANK2
      Params:         0       0       0       0       0
      Locals:         0       0       0       0       0
      Temps:          0       2       0       0       0
      Totals:         0       2       0       0       0
Total ram usage:        2 bytes
 Hardware stack levels used:    1
 Hardware stack levels required when called:    2
 This function calls:
		Nothing
 This function is called by:
		_main
 This function uses a non-reentrant model


 *************** function _Lcd_Init *****************
 Defined at:
		line 97 in file "lcd.c"
 Parameters:    Size  Location     Type
		None
 Auto vars:     Size  Location     Type
		None
 Return value:  Size  Location     Type
                  1    wreg      void 
 Registers used:
		wreg, status,2, status,0, pclath, cstack
 Tracked objects:
		On entry : 
		On exit  : 
		Unchanged: 
 Data sizes:     COMMON   BANK0   BANK1   BANK3   BANK2
      Params:         0       0       0       0       0
      Locals:         0       0       0       0       0
      Temps:          0       2       0       0       0
      Totals:         0       2       0       0       0
Total ram usage:        2 bytes
 Hardware stack levels used:    1
 Hardware stack levels required when called:    4
 This function calls:
		_Lcd_Cmd
		_Lcd_Port
 This function is called by:
		_main
 This function uses a non-reentrant model


 *************** function _Lcd_Cmd *****************
 Defined at:
		line 62 in file "lcd.c"
 Parameters:    Size  Location     Type
  a               1    wreg     unsigned char 
 Auto vars:     Size  Location     Type
  a               1    3[BANK0 ] unsigned char 
 Return value:  Size  Location     Type
                  1    wreg      void 
 Registers used:
		wreg, status,2, status,0, pclath, cstack
 Tracked objects:
		On entry : 
		On exit  : 
		Unchanged: 
 Data sizes:     COMMON   BANK0   BANK1   BANK3   BANK2
      Params:         0       0       0       0       0
      Locals:         0       1       0       0       0
      Temps:          0       2       0       0       0
      Totals:         0       3       0       0       0
Total ram usage:        3 bytes
 Hardware stack levels used:    1
 Hardware stack levels required when called:    3
 This function calls:
		_Lcd_Port
 This function is called by:
		_Lcd_Set_Cursor
		_Lcd_Init
		_Lcd_Clear
		_Lcd_Shift_Right
		_Lcd_Shift_Left
 This function uses a non-reentrant model


 *************** function _Lcd_Port *****************
 Defined at:
		line 27 in file "lcd.c"
 Parameters:    Size  Location     Type
  a               1    wreg     unsigned char 
 Auto vars:     Size  Location     Type
  a               1    0[BANK0 ] unsigned char 
 Return value:  Size  Location     Type
                  1    wreg      void 
 Registers used:
		wreg
 Tracked objects:
		On entry : 
		On exit  : 
		Unchanged: 
 Data sizes:     COMMON   BANK0   BANK1   BANK3   BANK2
      Params:         0       0       0       0       0
      Locals:         0       1       0       0       0
      Temps:          0       0       0       0       0
      Totals:         0       1       0       0       0
Total ram usage:        1 bytes
 Hardware stack levels used:    1
 Hardware stack levels required when called:    2
 This function calls:
		Nothing
 This function is called by:
		_Lcd_Cmd
		_Lcd_Init
		_Lcd_Write_Char
 This function uses a non-reentrant model


 *************** function _isr *****************
 Defined at:
		line 325 in file "lab3.c"
 Parameters:    Size  Location     Type
		None
 Auto vars:     Size  Location     Type
		None
 Return value:  Size  Location     Type
                  1    wreg      void 
 Registers used:
		wreg, fsr0l, fsr0h, status,2, status,0, pclath, cstack
 Tracked objects:
		On entry : 
		On exit  : 
		Unchanged: 
 Data sizes:     COMMON   BANK0   BANK1   BANK3   BANK2
      Params:         0       0       0       0       0
      Locals:         0       0       0       0       0
      Temps:          4       0       0       0       0
      Totals:         4       0       0       0       0
Total ram usage:        4 bytes
 Hardware stack levels used:    1
 Hardware stack levels required when called:    1
 This function calls:
		_usart_R
 This function is called by:
		Interrupt level 1
 This function uses a non-reentrant model


 *************** function _usart_R *****************
 Defined at:
		line 68 in file "USART.c"
 Parameters:    Size  Location     Type
  r_data          1    wreg     PTR unsigned char 
		 -> RC_data(1), 
 Auto vars:     Size  Location     Type
  r_data          1    1[COMMON] PTR unsigned char 
		 -> RC_data(1), 
 Return value:  Size  Location     Type
                  1    wreg      void 
 Registers used:
		wreg, fsr0l, fsr0h
 Tracked objects:
		On entry : 
		On exit  : 
		Unchanged: 
 Data sizes:     COMMON   BANK0   BANK1   BANK3   BANK2
      Params:         0       0       0       0       0
      Locals:         1       0       0       0       0
      Temps:          1       0       0       0       0
      Totals:         2       0       0       0       0
Total ram usage:        2 bytes
 Hardware stack levels used:    1
 This function calls:
		Nothing
 This function is called by:
		_isr
 This function uses a non-reentrant model



MODULE INFORMATION

Module		Function		Class		Link	Load	Size
USART.c
		_usart_T_nl    		CODE           	072E	0000	11
		_usart_T_virt  		CODE           	0707	0000	14
		_usart_T_erase 		CODE           	0723	0000	11
		_usart_conf    		CODE           	06E5	0000	17
		_usart_R       		CODE           	0715	0000	14
		_num_ascii     		CODE           	0378	0000	133

USART.c estimated size: 200

shared
		__stringtab    		STRING         	0400	0000	6
		__initialization		CODE           	0011	0000	18

shared estimated size: 24

lab3.c
		_mostrar_datos 		CODE           	0027	0000	567
		_mostrar_texto 		CODE           	06F6	0000	17
		_adc_start     		CODE           	06D2	0000	19
		_main          		CODE           	04BB	0000	75
		_isr           		CODE           	0465	0000	86
		_setup         		CODE           	061C	0000	51
		_encabezado_usart		CODE           	025E	0000	282
		_numero        		CODE           	0598	0000	72
		_voltaje       		CODE           	0550	0000	72

lab3.c estimated size: 1241

lcd.c
		_Lcd_Write_String		CODE           	064F	0000	41
		_Lcd_Init      		CODE           	0506	0000	74
		_Lcd_Write_Char		CODE           	06BA	0000	24
		_Lcd_Cmd       		CODE           	069E	0000	28
		_Lcd_Set_Cursor		CODE           	0678	0000	38
		_Lcd_Port      		CODE           	05E0	0000	60

lcd.c estimated size: 265

