******************************************************************************
                  TI ARM Linker PC v20.2.5                     
******************************************************************************
>> Linked Wed May 19 19:32:57 2021

OUTPUT FILE NAME:   <ProyectoParqueo.out>
ENTRY POINT SYMBOL: "_c_int00_noargs"  address: 0000073d


MEMORY CONFIGURATION

         name            origin    length      used     unused   attr    fill
----------------------  --------  ---------  --------  --------  ----  --------
  FLASH                 00000000   00040000  00000814  0003f7ec  R  X
  SRAM                  20000000   00008000  0000020c  00007df4  RW X


SEGMENT ALLOCATION MAP

run origin  load origin   length   init length attrs members
----------  ----------- ---------- ----------- ----- -------
00000000    00000000    00000814   00000814    r-x
  00000000    00000000    0000026c   0000026c    r-- .intvecs
  0000026c    0000026c    0000058c   0000058c    r-x .text
  000007f8    000007f8    0000001c   0000001c    r-- .cinit
20000000    20000000    0000020c   00000000    rw-
  20000000    20000000    00000200   00000000    rw- .stack
  20000200    20000200    0000000c   00000000    rw- .data


SECTION ALLOCATION MAP

 output                                  attributes/
section   page    origin      length       input sections
--------  ----  ----------  ----------   ----------------
.intvecs   0    00000000    0000026c     
                  00000000    0000026c     tm4c123gh6pm_startup_ccs.obj (.intvecs)

.text      0    0000026c    0000058c     
                  0000026c    00000132     driverlib.lib : gpio.obj (.text:GPIOPadConfigSet)
                  0000039e    00000002     --HOLE-- [fill = 0]
                  000003a0    0000012c     main_parqueo.obj (.text)
                  000004cc    000000f4     driverlib.lib : sysctl.obj (.text:SysCtlClockSet)
                  000005c0    0000009c     rtsv7M4_T_le_v4SPD16_eabi.lib : memcpy_t2.asm.obj (.text)
                  0000065c    00000068                                   : copy_decompress_lzss.c.obj (.text:decompress:lzss:__TI_decompress_lzss)
                  000006c4    00000044                                   : autoinit.c.obj (.text:__TI_auto_init_nobinit_nopinit:__TI_auto_init_nobinit_nopinit)
                  00000708    00000034     driverlib.lib : sysctl.obj (.text:SysCtlPeripheralEnable)
                  0000073c    00000034     rtsv7M4_T_le_v4SPD16_eabi.lib : boot_cortex_m.c.obj (.text:_c_int00_noargs:_c_int00_noargs)
                  00000770    0000002a     driverlib.lib : gpio.obj (.text:GPIODirModeSet)
                  0000079a    00000018                   : gpio.obj (.text:GPIOPinTypeGPIOOutput)
                  000007b2    00000012                   : gpio.obj (.text:GPIOPinTypeGPIOInput)
                  000007c4    0000000e     rtsv7M4_T_le_v4SPD16_eabi.lib : copy_decompress_none.c.obj (.text:decompress:none:__TI_decompress_none)
                  000007d2    0000000c     tm4c123gh6pm_startup_ccs.obj (.text)
                  000007de    00000006     driverlib.lib : gpio.obj (.text:GPIOPinRead)
                  000007e4    00000006                   : gpio.obj (.text:GPIOPinWrite)
                  000007ea    00000006                   : sysctl.obj (.text:SysCtlDelay)
                  000007f0    00000004     rtsv7M4_T_le_v4SPD16_eabi.lib : pre_init.c.obj (.text:_system_pre_init)
                  000007f4    00000004                                   : exit.c.obj (.text:abort:abort)

.cinit     0    000007f8    0000001c     
                  000007f8    0000000c     (.cinit..data.load) [load image, compression = lzss]
                  00000804    00000008     (__TI_handler_table)
                  0000080c    00000008     (__TI_cinit_table)

.init_array 
*          0    00000000    00000000     UNINITIALIZED

.data      0    20000200    0000000c     UNINITIALIZED
                  20000200    0000000c     main_parqueo.obj (.data)

.stack     0    20000000    00000200     UNINITIALIZED
                  20000000    00000004     rtsv7M4_T_le_v4SPD16_eabi.lib : boot_cortex_m.c.obj (.stack)
                  20000004    000001fc     --HOLE--

__llvm_prf_cnts 
*          0    20000000    00000000     UNINITIALIZED

MODULE SUMMARY

       Module                         code   ro data   rw data
       ------                         ----   -------   -------
    .\
       tm4c123gh6pm_startup_ccs.obj   12     620       0      
       main_parqueo.obj               300    0         12     
    +--+------------------------------+------+---------+---------+
       Total:                         312    620       12     
                                                              
    C:/ti/TivaWare_C_Series-2.1.4.178/driverlib/ccs/Debug/driverlib.lib
       gpio.obj                       402    0         0      
       sysctl.obj                     302    0         0      
    +--+------------------------------+------+---------+---------+
       Total:                         704    0         0      
                                                              
    C:\ti\ccs1031\ccs\tools\compiler\ti-cgt-arm_20.2.5.LTS\lib\rtsv7M4_T_le_v4SPD16_eabi.lib
       memcpy_t2.asm.obj              156    0         0      
       copy_decompress_lzss.c.obj     104    0         0      
       autoinit.c.obj                 68     0         0      
       boot_cortex_m.c.obj            52     0         0      
       copy_decompress_none.c.obj     14     0         0      
       exit.c.obj                     4      0         0      
       pre_init.c.obj                 4      0         0      
    +--+------------------------------+------+---------+---------+
       Total:                         402    0         0      
                                                              
       Stack:                         0      0         512    
       Linker Generated:              0      28        0      
    +--+------------------------------+------+---------+---------+
       Grand Total:                   1418   648       524    


LINKER GENERATED COPY TABLES

__TI_cinit_table @ 0000080c records: 1, size/record: 8, table size: 8
	.data: load addr=000007f8, load size=0000000c bytes, run addr=20000200, run size=0000000c bytes, compression=lzss


LINKER GENERATED HANDLER TABLE

__TI_handler_table @ 00000804 records: 2, size/record: 4, table size: 8
	index: 0, handler: __TI_decompress_lzss
	index: 1, handler: __TI_decompress_none


GLOBAL SYMBOLS: SORTED ALPHABETICALLY BY Name 

address   name                          
-------   ----                          
000007f5  C$$EXIT                       
00000771  GPIODirModeSet                
0000026d  GPIOPadConfigSet              
000007df  GPIOPinRead                   
000007b3  GPIOPinTypeGPIOInput          
0000079b  GPIOPinTypeGPIOOutput         
000007e5  GPIOPinWrite                  
000007d3  ResetISR                      
000004cd  SysCtlClockSet                
000007eb  SysCtlDelay                   
00000709  SysCtlPeripheralEnable        
20000200  __STACK_END                   
00000200  __STACK_SIZE                  
20000200  __STACK_TOP                   
0000080c  __TI_CINIT_Base               
00000814  __TI_CINIT_Limit              
00000804  __TI_Handler_Table_Base       
0000080c  __TI_Handler_Table_Limit      
000006c5  __TI_auto_init_nobinit_nopinit
0000065d  __TI_decompress_lzss          
000007c5  __TI_decompress_none          
ffffffff  __TI_pprof_out_hndl           
ffffffff  __TI_prof_data_size           
ffffffff  __TI_prof_data_start          
00000000  __TI_static_base__            
000005c1  __aeabi_memcpy                
000005c1  __aeabi_memcpy4               
000005c1  __aeabi_memcpy8               
ffffffff  __binit__                     
ffffffff  __c_args__                    
UNDEFED   __mpu_init                    
20000000  __stack                       
20000000  __start___llvm_prf_cnts       
20000000  __stop___llvm_prf_cnts        
0000073d  _c_int00_noargs               
UNDEFED   _system_post_cinit            
000007f1  _system_pre_init              
000007f5  abort                         
ffffffff  binit                         
20000202  blue                          
20000208  espacios                      
00000000  g_pfnVectors                  
20000201  green                         
000003a1  main                          
000005c1  memcpy                        
20000204  pinInt                        
20000200  red                           
20000203  toggle                        


GLOBAL SYMBOLS: SORTED BY Symbol Address 

address   name                          
-------   ----                          
00000000  __TI_static_base__            
00000000  g_pfnVectors                  
00000200  __STACK_SIZE                  
0000026d  GPIOPadConfigSet              
000003a1  main                          
000004cd  SysCtlClockSet                
000005c1  __aeabi_memcpy                
000005c1  __aeabi_memcpy4               
000005c1  __aeabi_memcpy8               
000005c1  memcpy                        
0000065d  __TI_decompress_lzss          
000006c5  __TI_auto_init_nobinit_nopinit
00000709  SysCtlPeripheralEnable        
0000073d  _c_int00_noargs               
00000771  GPIODirModeSet                
0000079b  GPIOPinTypeGPIOOutput         
000007b3  GPIOPinTypeGPIOInput          
000007c5  __TI_decompress_none          
000007d3  ResetISR                      
000007df  GPIOPinRead                   
000007e5  GPIOPinWrite                  
000007eb  SysCtlDelay                   
000007f1  _system_pre_init              
000007f5  C$$EXIT                       
000007f5  abort                         
00000804  __TI_Handler_Table_Base       
0000080c  __TI_CINIT_Base               
0000080c  __TI_Handler_Table_Limit      
00000814  __TI_CINIT_Limit              
20000000  __stack                       
20000000  __start___llvm_prf_cnts       
20000000  __stop___llvm_prf_cnts        
20000200  __STACK_END                   
20000200  __STACK_TOP                   
20000200  red                           
20000201  green                         
20000202  blue                          
20000203  toggle                        
20000204  pinInt                        
20000208  espacios                      
ffffffff  __TI_pprof_out_hndl           
ffffffff  __TI_prof_data_size           
ffffffff  __TI_prof_data_start          
ffffffff  __binit__                     
ffffffff  __c_args__                    
ffffffff  binit                         
UNDEFED   __mpu_init                    
UNDEFED   _system_post_cinit            

[48 symbols]
